Archive member included to satisfy reference by file (symbol)

/Applications/STM32CubeIDE.app/Contents/Eclipse/plugins/com.st.stm32cube.ide.mcu.externaltools.gnu-tools-for-stm32.11.3.rel1.macos64_1.1.100.202310310803/tools/bin/../lib/gcc/arm-none-eabi/11.3.1/../../../../arm-none-eabi/lib/thumb/v7e-m/nofp/libc_nano.a(libc_a-exit.o)
                              /Applications/STM32CubeIDE.app/Contents/Eclipse/plugins/com.st.stm32cube.ide.mcu.externaltools.gnu-tools-for-stm32.11.3.rel1.macos64_1.1.100.202310310803/tools/bin/../lib/gcc/arm-none-eabi/11.3.1/../../../../arm-none-eabi/lib/thumb/v7e-m/nofp/crt0.o (exit)
/Applications/STM32CubeIDE.app/Contents/Eclipse/plugins/com.st.stm32cube.ide.mcu.externaltools.gnu-tools-for-stm32.11.3.rel1.macos64_1.1.100.202310310803/tools/bin/../lib/gcc/arm-none-eabi/11.3.1/../../../../arm-none-eabi/lib/thumb/v7e-m/nofp/libc_nano.a(libc_a-findfp.o)
                              /Applications/STM32CubeIDE.app/Contents/Eclipse/plugins/com.st.stm32cube.ide.mcu.externaltools.gnu-tools-for-stm32.11.3.rel1.macos64_1.1.100.202310310803/tools/bin/../lib/gcc/arm-none-eabi/11.3.1/../../../../arm-none-eabi/lib/thumb/v7e-m/nofp/libc_nano.a(libc_a-exit.o) (__stdio_exit_handler)
/Applications/STM32CubeIDE.app/Contents/Eclipse/plugins/com.st.stm32cube.ide.mcu.externaltools.gnu-tools-for-stm32.11.3.rel1.macos64_1.1.100.202310310803/tools/bin/../lib/gcc/arm-none-eabi/11.3.1/../../../../arm-none-eabi/lib/thumb/v7e-m/nofp/libc_nano.a(libc_a-fwalk.o)
                              /Applications/STM32CubeIDE.app/Contents/Eclipse/plugins/com.st.stm32cube.ide.mcu.externaltools.gnu-tools-for-stm32.11.3.rel1.macos64_1.1.100.202310310803/tools/bin/../lib/gcc/arm-none-eabi/11.3.1/../../../../arm-none-eabi/lib/thumb/v7e-m/nofp/libc_nano.a(libc_a-findfp.o) (_fwalk_sglue)
/Applications/STM32CubeIDE.app/Contents/Eclipse/plugins/com.st.stm32cube.ide.mcu.externaltools.gnu-tools-for-stm32.11.3.rel1.macos64_1.1.100.202310310803/tools/bin/../lib/gcc/arm-none-eabi/11.3.1/../../../../arm-none-eabi/lib/thumb/v7e-m/nofp/libc_nano.a(libc_a-puts.o)
                              ./Src/015RTC_LCD_interface.o (puts)
/Applications/STM32CubeIDE.app/Contents/Eclipse/plugins/com.st.stm32cube.ide.mcu.externaltools.gnu-tools-for-stm32.11.3.rel1.macos64_1.1.100.202310310803/tools/bin/../lib/gcc/arm-none-eabi/11.3.1/../../../../arm-none-eabi/lib/thumb/v7e-m/nofp/libc_nano.a(libc_a-memset.o)
                              /Applications/STM32CubeIDE.app/Contents/Eclipse/plugins/com.st.stm32cube.ide.mcu.externaltools.gnu-tools-for-stm32.11.3.rel1.macos64_1.1.100.202310310803/tools/bin/../lib/gcc/arm-none-eabi/11.3.1/../../../../arm-none-eabi/lib/thumb/v7e-m/nofp/crt0.o (memset)
/Applications/STM32CubeIDE.app/Contents/Eclipse/plugins/com.st.stm32cube.ide.mcu.externaltools.gnu-tools-for-stm32.11.3.rel1.macos64_1.1.100.202310310803/tools/bin/../lib/gcc/arm-none-eabi/11.3.1/../../../../arm-none-eabi/lib/thumb/v7e-m/nofp/libc_nano.a(libc_a-impure.o)
                              /Applications/STM32CubeIDE.app/Contents/Eclipse/plugins/com.st.stm32cube.ide.mcu.externaltools.gnu-tools-for-stm32.11.3.rel1.macos64_1.1.100.202310310803/tools/bin/../lib/gcc/arm-none-eabi/11.3.1/../../../../arm-none-eabi/lib/thumb/v7e-m/nofp/libc_nano.a(libc_a-puts.o) (_impure_ptr)
/Applications/STM32CubeIDE.app/Contents/Eclipse/plugins/com.st.stm32cube.ide.mcu.externaltools.gnu-tools-for-stm32.11.3.rel1.macos64_1.1.100.202310310803/tools/bin/../lib/gcc/arm-none-eabi/11.3.1/../../../../arm-none-eabi/lib/thumb/v7e-m/nofp/libc_nano.a(libc_a-errno.o)
                              ./Src/syscalls.o (__errno)
/Applications/STM32CubeIDE.app/Contents/Eclipse/plugins/com.st.stm32cube.ide.mcu.externaltools.gnu-tools-for-stm32.11.3.rel1.macos64_1.1.100.202310310803/tools/bin/../lib/gcc/arm-none-eabi/11.3.1/../../../../arm-none-eabi/lib/thumb/v7e-m/nofp/libc_nano.a(libc_a-init.o)
                              /Applications/STM32CubeIDE.app/Contents/Eclipse/plugins/com.st.stm32cube.ide.mcu.externaltools.gnu-tools-for-stm32.11.3.rel1.macos64_1.1.100.202310310803/tools/bin/../lib/gcc/arm-none-eabi/11.3.1/../../../../arm-none-eabi/lib/thumb/v7e-m/nofp/crt0.o (__libc_init_array)
/Applications/STM32CubeIDE.app/Contents/Eclipse/plugins/com.st.stm32cube.ide.mcu.externaltools.gnu-tools-for-stm32.11.3.rel1.macos64_1.1.100.202310310803/tools/bin/../lib/gcc/arm-none-eabi/11.3.1/../../../../arm-none-eabi/lib/thumb/v7e-m/nofp/libc_nano.a(libc_a-lock.o)
                              /Applications/STM32CubeIDE.app/Contents/Eclipse/plugins/com.st.stm32cube.ide.mcu.externaltools.gnu-tools-for-stm32.11.3.rel1.macos64_1.1.100.202310310803/tools/bin/../lib/gcc/arm-none-eabi/11.3.1/../../../../arm-none-eabi/lib/thumb/v7e-m/nofp/libc_nano.a(libc_a-findfp.o) (__retarget_lock_init_recursive)
[...]
Memory Configuration

Name             Origin             Length             Attributes
RAM              0x0000000020000000 0x0000000000018000 xrw
FLASH            0x0000000008000000 0x0000000000080000 xr
*default*        0x0000000000000000 0xffffffffffffffff

Linker script and memory map

LOAD /Applications/STM32CubeIDE.app/Contents/Eclipse/plugins/com.st.stm32cube.ide.mcu.externaltools.gnu-tools-for-stm32.11.3.rel1.macos64_1.1.100.202310310803/tools/bin/../lib/gcc/arm-none-eabi/11.3.1/thumb/v7e-m/nofp/crti.o
LOAD /Applications/STM32CubeIDE.app/Contents/Eclipse/plugins/com.st.stm32cube.ide.mcu.externaltools.gnu-tools-for-stm32.11.3.rel1.macos64_1.1.100.202310310803/tools/bin/../lib/gcc/arm-none-eabi/11.3.1/thumb/v7e-m/nofp/crtbegin.o
LOAD /Applications/STM32CubeIDE.app/Contents/Eclipse/plugins/com.st.stm32cube.ide.mcu.externaltools.gnu-tools-for-stm32.11.3.rel1.macos64_1.1.100.202310310803/tools/bin/../lib/gcc/arm-none-eabi/11.3.1/../../../../arm-none-eabi/lib/thumb/v7e-m/nofp/crt0.o
LOAD ./BSP/DS1307.o
LOAD ./BSP/LCD.o
LOAD ./Drivers/Src/stm32F401RE_i2c_driver.o
LOAD ./Drivers/Src/stm32f401RE_gpio_driver.o
LOAD ./Drivers/Src/stm32f401RE_rcc_driver.o
LOAD ./Drivers/Src/stm32f401RE_spi_driver.o
LOAD ./Drivers/Src/stm32f401RE_usart_driver.o
LOAD ./Src/015RTC_LCD_interface.o
LOAD ./Src/syscalls.o
LOAD ./Src/sysmem.o
LOAD ./Startup/startup_stm32f401retx.o
START GROUP
LOAD /Applications/STM32CubeIDE.app/Contents/Eclipse/plugins/com.st.stm32cube.ide.mcu.externaltools.gnu-tools-for-stm32.11.3.rel1.macos64_1.1.100.202310310803/tools/bin/../lib/gcc/arm-none-eabi/11.3.1/../../../../arm-none-eabi/lib/thumb/v7e-m/nofp/libc_nano.a
LOAD /Applications/STM32CubeIDE.app/Contents/Eclipse/plugins/com.st.stm32cube.ide.mcu.externaltools.gnu-tools-for-stm32.11.3.rel1.macos64_1.1.100.202310310803/tools/bin/../lib/gcc/arm-none-eabi/11.3.1/../../../../arm-none-eabi/lib/thumb/v7e-m/nofp/libm.a
END GROUP
START GROUP
LOAD /Applications/STM32CubeIDE.app/Contents/Eclipse/plugins/com.st.stm32cube.ide.mcu.externaltools.gnu-tools-for-stm32.11.3.rel1.macos64_1.1.100.202310310803/tools/bin/../lib/gcc/arm-none-eabi/11.3.1/thumb/v7e-m/nofp/libgcc.a
LOAD /Applications/STM32CubeIDE.app/Contents/Eclipse/plugins/com.st.stm32cube.ide.mcu.externaltools.gnu-tools-for-stm32.11.3.rel1.macos64_1.1.100.202310310803/tools/bin/../lib/gcc/arm-none-eabi/11.3.1/../../../../arm-none-eabi/lib/thumb/v7e-m/nofp/libc_nano.a
END GROUP
START GROUP
LOAD /Applications/STM32CubeIDE.app/Contents/Eclipse/plugins/com.st.stm32cube.ide.mcu.externaltools.gnu-tools-for-stm32.11.3.rel1.macos64_1.1.100.202310310803/tools/bin/../lib/gcc/arm-none-eabi/11.3.1/thumb/v7e-m/nofp/libgcc.a
LOAD /Applications/STM32CubeIDE.app/Contents/Eclipse/plugins/com.st.stm32cube.ide.mcu.externaltools.gnu-tools-for-stm32.11.3.rel1.macos64_1.1.100.202310310803/tools/bin/../lib/gcc/arm-none-eabi/11.3.1/../../../../arm-none-eabi/lib/thumb/v7e-m/nofp/libc_nano.a
LOAD /Applications/STM32CubeIDE.app/Contents/Eclipse/plugins/com.st.stm32cube.ide.mcu.externaltools.gnu-tools-for-stm32.11.3.rel1.macos64_1.1.100.202310310803/tools/bin/../lib/gcc/arm-none-eabi/11.3.1/../../../../arm-none-eabi/lib/thumb/v7e-m/nofp/libnosys.a
END GROUP
START GROUP
LOAD /Applications/STM32CubeIDE.app/Contents/Eclipse/plugins/com.st.stm32cube.ide.mcu.externaltools.gnu-tools-for-stm32.11.3.rel1.macos64_1.1.100.202310310803/tools/bin/../lib/gcc/arm-none-eabi/11.3.1/thumb/v7e-m/nofp/libgcc.a
LOAD /Applications/STM32CubeIDE.app/Contents/Eclipse/plugins/com.st.stm32cube.ide.mcu.externaltools.gnu-tools-for-stm32.11.3.rel1.macos64_1.1.100.202310310803/tools/bin/../lib/gcc/arm-none-eabi/11.3.1/../../../../arm-none-eabi/lib/thumb/v7e-m/nofp/libc_nano.a
LOAD /Applications/STM32CubeIDE.app/Contents/Eclipse/plugins/com.st.stm32cube.ide.mcu.externaltools.gnu-tools-for-stm32.11.3.rel1.macos64_1.1.100.202310310803/tools/bin/../lib/gcc/arm-none-eabi/11.3.1/../../../../arm-none-eabi/lib/thumb/v7e-m/nofp/libnosys.a
END GROUP
LOAD /Applications/STM32CubeIDE.app/Contents/Eclipse/plugins/com.st.stm32cube.ide.mcu.externaltools.gnu-tools-for-stm32.11.3.rel1.macos64_1.1.100.202310310803/tools/bin/../lib/gcc/arm-none-eabi/11.3.1/thumb/v7e-m/nofp/crtend.o
LOAD /Applications/STM32CubeIDE.app/Contents/Eclipse/plugins/com.st.stm32cube.ide.mcu.externaltools.gnu-tools-for-stm32.11.3.rel1.macos64_1.1.100.202310310803/tools/bin/../lib/gcc/arm-none-eabi/11.3.1/thumb/v7e-m/nofp/crtn.o
                0x0000000020018000                _estack = (ORIGIN (RAM) + LENGTH (RAM))
                0x0000000000000200                _Min_Heap_Size = 0x200
                0x0000000000000400                _Min_Stack_Size = 0x400

.isr_vector     0x0000000008000000      0x194
                0x0000000008000000                . = ALIGN (0x4)
 *(.isr_vector)
 .isr_vector    0x0000000008000000      0x194 ./Startup/startup_stm32f401retx.o
                0x0000000008000000                g_pfnVectors
                0x0000000008000194                . = ALIGN (0x4)

.text           0x0000000008000194     0x20e8
                0x0000000008000194                . = ALIGN (0x4)
 *(.text)
 .text          0x0000000008000194       0x40 /Applications/STM32CubeIDE.app/Contents/Eclipse/plugins/com.st.stm32cube.ide.mcu.externaltools.gnu-tools-for-stm32.11.3.rel1.macos64_1.1.100.202310310803/tools/bin/../lib/gcc/arm-none-eabi/11.3.1/thumb/v7e-m/nofp/crtbegin.o
 *(.text*)
 .text.ds1307_I2C_pin_config
                0x00000000080001d4       0x78 ./BSP/DS1307.o
 .text.ds1307_I2C_config
                0x000000000800024c       0x40 ./BSP/DS1307.o
 .text.ds1307_write
                0x000000000800028c       0x38 ./BSP/DS1307.o
 .text.ds1307_read
                0x00000000080002c4       0x3c ./BSP/DS1307.o
 .text.binary_to_bcd
                0x0000000008000300       0x50 ./BSP/DS1307.o
 .text.bcd_to_binary
                0x0000000008000350       0x3e ./BSP/DS1307.o
 *fill*         0x000000000800038e        0x2 
 .text.ds1307_init
                0x0000000008000390       0x3c ./BSP/DS1307.o
                0x0000000008000390                ds1307_init
 .text.ds1307_set_current_time
                0x00000000080003cc       0x92 ./BSP/DS1307.o
                0x00000000080003cc                ds1307_set_current_time
 .text.ds1307_get_current_time
                0x000000000800045e       0x98 ./BSP/DS1307.o
                0x000000000800045e                ds1307_get_current_time
 .text.ds1307_set_current_date
                0x00000000080004f6       0x60 ./BSP/DS1307.o
                0x00000000080004f6                ds1307_set_current_date
 .text.ds1307_get_current_date
                0x0000000008000556       0x68 ./BSP/DS1307.o
                0x0000000008000556                ds1307_get_current_date
 .text.msdelay  0x00000000080005be       0x30 ./BSP/LCD.o
                0x00000000080005be                msdelay
 .text.udelay   0x00000000080005ee       0x28 ./BSP/LCD.o
                0x00000000080005ee                udelay
 *fill*         0x0000000008000616        0x2 
 .text.write_4_DR_bits
                0x0000000008000618       0x74 ./BSP/LCD.o
 .text.lcd_enable
                0x000000000800068c       0x2c ./BSP/LCD.o
 .text.lcd_init
                0x00000000080006b8      0x14c ./BSP/LCD.o
                0x00000000080006b8                lcd_init
 .text.lcd_display_clear
                0x0000000008000804       0x14 ./BSP/LCD.o
                0x0000000008000804                lcd_display_clear
 .text.lcd_send_command
                0x0000000008000818       0x44 ./BSP/LCD.o
                0x0000000008000818                lcd_send_command
 .text.lcd_send_char
                0x000000000800085c       0x44 ./BSP/LCD.o
                0x000000000800085c                lcd_send_char
 .text.lcd_write_string
                0x00000000080008a0       0x2a ./BSP/LCD.o
                0x00000000080008a0                lcd_write_string
 .text.lcd_set_cursor
                0x00000000080008ca       0x4e ./BSP/LCD.o
                0x00000000080008ca                lcd_set_cursor
 .text.I2C_GenerateStartCondition
                0x0000000008000918       0x1e ./Drivers/Src/stm32F401RE_i2c_driver.o
 .text.I2C_ExecuteAddressPhase
                0x0000000008000936       0x34 ./Drivers/Src/stm32F401RE_i2c_driver.o
 .text.I2C_ClearADDrFlag
                0x000000000800096a       0x6e ./Drivers/Src/stm32F401RE_i2c_driver.o
 .text.I2C_GenerateStopCondition
                0x00000000080009d8       0x1e ./Drivers/Src/stm32F401RE_i2c_driver.o
                0x00000000080009d8                I2C_GenerateStopCondition
 *fill*         0x00000000080009f6        0x2 
 .text.I2C_PeriClockControl
                0x00000000080009f8       0xb0 ./Drivers/Src/stm32F401RE_i2c_driver.o
                0x00000000080009f8                I2C_PeriClockControl
 .text.I2C_PeripheralControl
                0x0000000008000aa8       0x36 ./Drivers/Src/stm32F401RE_i2c_driver.o
                0x0000000008000aa8                I2C_PeripheralControl
 *fill*         0x0000000008000ade        0x2 
 .text.I2C_Init
                0x0000000008000ae0      0x190 ./Drivers/Src/stm32F401RE_i2c_driver.o
                0x0000000008000ae0                I2C_Init
 .text.I2C_GetFlagStatus
                0x0000000008000c70       0x26 ./Drivers/Src/stm32F401RE_i2c_driver.o
                0x0000000008000c70                I2C_GetFlagStatus
 .text.I2C_ManageAcking
                0x0000000008000c96       0x36 ./Drivers/Src/stm32F401RE_i2c_driver.o
                0x0000000008000c96                I2C_ManageAcking
 .text.I2C_MasterSendData
                0x0000000008000ccc       0xc6 ./Drivers/Src/stm32F401RE_i2c_driver.o
                0x0000000008000ccc                I2C_MasterSendData
 .text.I2C_MasterReceiveData
                0x0000000008000d92      0x11c ./Drivers/Src/stm32F401RE_i2c_driver.o
                0x0000000008000d92                I2C_MasterReceiveData
 *fill*         0x0000000008000eae        0x2 
 .text.GPIO_Init
                0x0000000008000eb0      0x3b8 ./Drivers/Src/stm32f401RE_gpio_driver.o
                0x0000000008000eb0                GPIO_Init
 .text.GPIO_PeriClockControl
                0x0000000008001268      0x140 ./Drivers/Src/stm32f401RE_gpio_driver.o
                0x0000000008001268                GPIO_PeriClockControl
 .text.GPIO_WriteToOutputPin
                0x00000000080013a8       0x40 ./Drivers/Src/stm32f401RE_gpio_driver.o
                0x00000000080013a8                GPIO_WriteToOutputPin
 .text.RCC_GetPCLKValue
                0x00000000080013e8       0xc8 ./Drivers/Src/stm32f401RE_rcc_driver.o
                0x00000000080013e8                RCC_GetPCLKValue
 .text.init_systick_timer
                0x00000000080014b0       0x68 ./Src/015RTC_LCD_interface.o
                0x00000000080014b0                init_systick_timer
 .text.get_day_of_week
                0x0000000008001518       0x3c ./Src/015RTC_LCD_interface.o
                0x0000000008001518                get_day_of_week
 .text.number_to_string
                0x0000000008001554       0x68 ./Src/015RTC_LCD_interface.o
                0x0000000008001554                number_to_string
 .text.time_to_string
                0x00000000080015bc       0x54 ./Src/015RTC_LCD_interface.o
                0x00000000080015bc                time_to_string
 .text.date_to_string
                0x0000000008001610       0x54 ./Src/015RTC_LCD_interface.o
                0x0000000008001610                date_to_string
 .text.main     0x0000000008001664      0x104 ./Src/015RTC_LCD_interface.o
                0x0000000008001664                main
 .text.SysTick_Handler
                0x0000000008001768       0x1c ./Src/015RTC_LCD_interface.o
                0x0000000008001768                SysTick_Handler
 .text._read    0x0000000008001784       0x3a ./Src/syscalls.o
                0x0000000008001784                _read
 .text._write   0x00000000080017be       0x38 ./Src/syscalls.o
                0x00000000080017be                _write
 .text._close   0x00000000080017f6       0x16 ./Src/syscalls.o
                0x00000000080017f6                _close
 .text._fstat   0x000000000800180c       0x1e ./Src/syscalls.o
                0x000000000800180c                _fstat
 .text._isatty  0x000000000800182a       0x14 ./Src/syscalls.o
                0x000000000800182a                _isatty
 .text._lseek   0x000000000800183e       0x18 ./Src/syscalls.o
                0x000000000800183e                _lseek
 *fill*         0x0000000008001856        0x2 
 .text._sbrk    0x0000000008001858       0x6c ./Src/sysmem.o
                0x0000000008001858                _sbrk
 .text.Reset_Handler
                0x00000000080018c4       0x50 ./Startup/startup_stm32f401retx.o
                0x00000000080018c4                Reset_Handler
 .text.Default_Handler
                0x0000000008001914        0x2 ./Startup/startup_stm32f401retx.o
                0x0000000008001914                DMA1_Stream3_IRQHandler
                0x0000000008001914                DebugMon_Handler
                0x0000000008001914                SPI4_IRQHandler
                0x0000000008001914                TIM1_CC_IRQHandler
                0x0000000008001914                DMA2_Stream5_IRQHandler
                0x0000000008001914                HardFault_Handler
                0x0000000008001914                DMA1_Stream5_IRQHandler
                0x0000000008001914                SDIO_IRQHandler
                0x0000000008001914                TAMP_STAMP_IRQHandler
                0x0000000008001914                PendSV_Handler
                0x0000000008001914                NMI_Handler
                0x0000000008001914                EXTI3_IRQHandler
                0x0000000008001914                TIM1_UP_TIM10_IRQHandler
                0x0000000008001914                I2C3_ER_IRQHandler
                0x0000000008001914                EXTI18_OTG_FS_WKUP_IRQHandler
                0x0000000008001914                EXTI0_IRQHandler
                0x0000000008001914                I2C2_EV_IRQHandler
                0x0000000008001914                DMA1_Stream2_IRQHandler
                0x0000000008001914                UsageFault_Handler
                0x0000000008001914                DMA2_Stream2_IRQHandler
                0x0000000008001914                SPI1_IRQHandler
                0x0000000008001914                TIM1_BRK_TIM9_IRQHandler
                0x0000000008001914                DMA2_Stream3_IRQHandler
                0x0000000008001914                USART6_IRQHandler
                0x0000000008001914                DMA2_Stream0_IRQHandler
                0x0000000008001914                TIM4_IRQHandler
                0x0000000008001914                I2C1_EV_IRQHandler
                0x0000000008001914                DMA1_Stream6_IRQHandler
                0x0000000008001914                DMA1_Stream1_IRQHandler
                0x0000000008001914                TIM3_IRQHandler
                0x0000000008001914                RCC_IRQHandler
                0x0000000008001914                Default_Handler
                0x0000000008001914                EXTI15_10_IRQHandler
                0x0000000008001914                ADC_IRQHandler
                0x0000000008001914                DMA1_Stream7_IRQHandler
                0x0000000008001914                TIM5_IRQHandler
                0x0000000008001914                DMA2_Stream7_IRQHandler
                0x0000000008001914                I2C3_EV_IRQHandler
                0x0000000008001914                EXTI9_5_IRQHandler
                0x0000000008001914                SPI2_IRQHandler
                0x0000000008001914                MemManage_Handler
                0x0000000008001914                DMA1_Stream0_IRQHandler
                0x0000000008001914                SVC_Handler
                0x0000000008001914                EXTI4_IRQHandler
                0x0000000008001914                EXTI22_RTC_WKUP_IRQHandler
                0x0000000008001914                TIM2_IRQHandler
                0x0000000008001914                EXTI16_PVD_IRQHandler
                0x0000000008001914                TIM1_TRG_COM_TIM11_IRQHandler
                0x0000000008001914                EXTI1_IRQHandler
                0x0000000008001914                EXTI17_RTC_Alarm_IRQHandler
                0x0000000008001914                USART2_IRQHandler
                0x0000000008001914                I2C2_ER_IRQHandler
                0x0000000008001914                DMA2_Stream1_IRQHandler
                0x0000000008001914                FLASH_IRQHandler
                0x0000000008001914                DMA2_Stream4_IRQHandler
                0x0000000008001914                BusFault_Handler
                0x0000000008001914                USART1_IRQHandler
                0x0000000008001914                OTG_FS_IRQHandler
                0x0000000008001914                SPI3_IRQHandler
                0x0000000008001914                DMA1_Stream4_IRQHandler
                0x0000000008001914                I2C1_ER_IRQHandler
                0x0000000008001914                DMA2_Stream6_IRQHandler
                0x0000000008001914                EXTI2_IRQHandler
 *fill*         0x0000000008001916        0x2 
 .text.std      0x0000000008001918       0x6c /Applications/STM32CubeIDE.app/Contents/Eclipse/plugins/com.st.stm32cube.ide.mcu.externaltools.gnu-tools-for-stm32.11.3.rel1.macos64_1.1.100.202310310803/tools/bin/../lib/gcc/arm-none-eabi/11.3.1/../../../../arm-none-eabi/lib/thumb/v7e-m/nofp/libc_nano.a(libc_a-findfp.o)
 .text.stdio_exit_handler
                0x0000000008001984       0x18 /Applications/STM32CubeIDE.app/Contents/Eclipse/plugins/com.st.stm32cube.ide.mcu.externaltools.gnu-tools-for-stm32.11.3.rel1.macos64_1.1.100.202310310803/tools/bin/../lib/gcc/arm-none-eabi/11.3.1/../../../../arm-none-eabi/lib/thumb/v7e-m/nofp/libc_nano.a(libc_a-findfp.o)
 .text.cleanup_stdio
                0x000000000800199c       0x40 /Applications/STM32CubeIDE.app/Contents/Eclipse/plugins/com.st.stm32cube.ide.mcu.externaltools.gnu-tools-for-stm32.11.3.rel1.macos64_1.1.100.202310310803/tools/bin/../lib/gcc/arm-none-eabi/11.3.1/../../../../arm-none-eabi/lib/thumb/v7e-m/nofp/libc_nano.a(libc_a-findfp.o)
 .text.global_stdio_init.part.0
                0x00000000080019dc       0x3c /Applications/STM32CubeIDE.app/Contents/Eclipse/plugins/com.st.stm32cube.ide.mcu.externaltools.gnu-tools-for-stm32.11.3.rel1.macos64_1.1.100.202310310803/tools/bin/../lib/gcc/arm-none-eabi/11.3.1/../../../../arm-none-eabi/lib/thumb/v7e-m/nofp/libc_nano.a(libc_a-findfp.o)
 .text.__sfp_lock_acquire
                0x0000000008001a18        0xc /Applications/STM32CubeIDE.app/Contents/Eclipse/plugins/com.st.stm32cube.ide.mcu.externaltools.gnu-tools-for-stm32.11.3.rel1.macos64_1.1.100.202310310803/tools/bin/../lib/gcc/arm-none-eabi/11.3.1/../../../../arm-none-eabi/lib/thumb/v7e-m/nofp/libc_nano.a(libc_a-findfp.o)
                0x0000000008001a18                __sfp_lock_acquire
 .text.__sfp_lock_release
                0x0000000008001a24        0xc /Applications/STM32CubeIDE.app/Contents/Eclipse/plugins/com.st.stm32cube.ide.mcu.externaltools.gnu-tools-for-stm32.11.3.rel1.macos64_1.1.100.202310310803/tools/bin/../lib/gcc/arm-none-eabi/11.3.1/../../../../arm-none-eabi/lib/thumb/v7e-m/nofp/libc_nano.a(libc_a-findfp.o)
                0x0000000008001a24                __sfp_lock_release
 .text.__sinit  0x0000000008001a30       0x30 /Applications/STM32CubeIDE.app/Contents/Eclipse/plugins/com.st.stm32cube.ide.mcu.externaltools.gnu-tools-for-stm32.11.3.rel1.macos64_1.1.100.202310310803/tools/bin/../lib/gcc/arm-none-eabi/11.3.1/../../../../arm-none-eabi/lib/thumb/v7e-m/nofp/libc_nano.a(libc_a-findfp.o)
                0x0000000008001a30                __sinit
 .text._fwalk_sglue
                0x0000000008001a60       0x3c /Applications/STM32CubeIDE.app/Contents/Eclipse/plugins/com.st.stm32cube.ide.mcu.externaltools.gnu-tools-for-stm32.11.3.rel1.macos64_1.1.100.202310310803/tools/bin/../lib/gcc/arm-none-eabi/11.3.1/../../../../arm-none-eabi/lib/thumb/v7e-m/nofp/libc_nano.a(libc_a-fwalk.o)
                0x0000000008001a60                _fwalk_sglue
 .text._puts_r  0x0000000008001a9c       0xa8 /Applications/STM32CubeIDE.app/Contents/Eclipse/plugins/com.st.stm32cube.ide.mcu.externaltools.gnu-tools-for-stm32.11.3.rel1.macos64_1.1.100.202310310803/tools/bin/../lib/gcc/arm-none-eabi/11.3.1/../../../../arm-none-eabi/lib/thumb/v7e-m/nofp/libc_nano.a(libc_a-puts.o)
                0x0000000008001a9c                _puts_r
 .text.puts     0x0000000008001b44       0x10 /Applications/STM32CubeIDE.app/Contents/Eclipse/plugins/com.st.stm32cube.ide.mcu.externaltools.gnu-tools-for-stm32.11.3.rel1.macos64_1.1.100.202310310803/tools/bin/../lib/gcc/arm-none-eabi/11.3.1/../../../../arm-none-eabi/lib/thumb/v7e-m/nofp/libc_nano.a(libc_a-puts.o)
                0x0000000008001b44                puts
 .text.memset   0x0000000008001b54       0x10 /Applications/STM32CubeIDE.app/Contents/Eclipse/plugins/com.st.stm32cube.ide.mcu.externaltools.gnu-tools-for-stm32.11.3.rel1.macos64_1.1.100.202310310803/tools/bin/../lib/gcc/arm-none-eabi/11.3.1/../../../../arm-none-eabi/lib/thumb/v7e-m/nofp/libc_nano.a(libc_a-memset.o)
                0x0000000008001b54                memset
 .text.__errno  0x0000000008001b64        0xc /Applications/STM32CubeIDE.app/Contents/Eclipse/plugins/com.st.stm32cube.ide.mcu.externaltools.gnu-tools-for-stm32.11.3.rel1.macos64_1.1.100.202310310803/tools/bin/../lib/gcc/arm-none-eabi/11.3.1/../../../../arm-none-eabi/lib/thumb/v7e-m/nofp/libc_nano.a(libc_a-errno.o)
                0x0000000008001b64                __errno
 .text.__libc_init_array
                0x0000000008001b70       0x48 /Applications/STM32CubeIDE.app/Contents/Eclipse/plugins/com.st.stm32cube.ide.mcu.externaltools.gnu-tools-for-stm32.11.3.rel1.macos64_1.1.100.202310310803/tools/bin/../lib/gcc/arm-none-eabi/11.3.1/../../../../arm-none-eabi/lib/thumb/v7e-m/nofp/libc_nano.a(libc_a-init.o)
                0x0000000008001b70                __libc_init_array
 .text.__retarget_lock_init_recursive
                0x0000000008001bb8        0x2 /Applications/STM32CubeIDE.app/Contents/Eclipse/plugins/com.st.stm32cube.ide.mcu.externaltools.gnu-tools-for-stm32.11.3.rel1.macos64_1.1.100.202310310803/tools/bin/../lib/gcc/arm-none-eabi/11.3.1/../../../../arm-none-eabi/lib/thumb/v7e-m/nofp/libc_nano.a(libc_a-lock.o)
                0x0000000008001bb8                __retarget_lock_init_recursive
 .text.__retarget_lock_acquire_recursive
                0x0000000008001bba        0x2 /Applications/STM32CubeIDE.app/Contents/Eclipse/plugins/com.st.stm32cube.ide.mcu.externaltools.gnu-tools-for-stm32.11.3.rel1.macos64_1.1.100.202310310803/tools/bin/../lib/gcc/arm-none-eabi/11.3.1/../../../../arm-none-eabi/lib/thumb/v7e-m/nofp/libc_nano.a(libc_a-lock.o)
                0x0000000008001bba                __retarget_lock_acquire_recursive
 .text.__retarget_lock_release_recursive
                0x0000000008001bbc        0x2 /Applications/STM32CubeIDE.app/Contents/Eclipse/plugins/com.st.stm32cube.ide.mcu.externaltools.gnu-tools-for-stm32.11.3.rel1.macos64_1.1.100.202310310803/tools/bin/../lib/gcc/arm-none-eabi/11.3.1/../../../../arm-none-eabi/lib/thumb/v7e-m/nofp/libc_nano.a(libc_a-lock.o)
                0x0000000008001bbc                __retarget_lock_release_recursive
 *fill*         0x0000000008001bbe        0x2 
 .text.sbrk_aligned
                0x0000000008001bc0       0x40 /Applications/STM32CubeIDE.app/Contents/Eclipse/plugins/com.st.stm32cube.ide.mcu.externaltools.gnu-tools-for-stm32.11.3.rel1.macos64_1.1.100.202310310803/tools/bin/../lib/gcc/arm-none-eabi/11.3.1/../../../../arm-none-eabi/lib/thumb/v7e-m/nofp/libc_nano.a(libc_a-mallocr.o)
 .text._malloc_r
                0x0000000008001c00      0x100 /Applications/STM32CubeIDE.app/Contents/Eclipse/plugins/com.st.stm32cube.ide.mcu.externaltools.gnu-tools-for-stm32.11.3.rel1.macos64_1.1.100.202310310803/tools/bin/../lib/gcc/arm-none-eabi/11.3.1/../../../../arm-none-eabi/lib/thumb/v7e-m/nofp/libc_nano.a(libc_a-mallocr.o)
                0x0000000008001c00                _malloc_r
 .text.__sflush_r
                0x0000000008001d00      0x104 /Applications/STM32CubeIDE.app/Contents/Eclipse/plugins/com.st.stm32cube.ide.mcu.externaltools.gnu-tools-for-stm32.11.3.rel1.macos64_1.1.100.202310310803/tools/bin/../lib/gcc/arm-none-eabi/11.3.1/../../../../arm-none-eabi/lib/thumb/v7e-m/nofp/libc_nano.a(libc_a-fflush.o)
                0x0000000008001d00                __sflush_r
 .text._fflush_r
                0x0000000008001e04       0x50 /Applications/STM32CubeIDE.app/Contents/Eclipse/plugins/com.st.stm32cube.ide.mcu.externaltools.gnu-tools-for-stm32.11.3.rel1.macos64_1.1.100.202310310803/tools/bin/../lib/gcc/arm-none-eabi/11.3.1/../../../../arm-none-eabi/lib/thumb/v7e-m/nofp/libc_nano.a(libc_a-fflush.o)
                0x0000000008001e04                _fflush_r
 .text.__malloc_lock
                0x0000000008001e54        0xc /Applications/STM32CubeIDE.app/Contents/Eclipse/plugins/com.st.stm32cube.ide.mcu.externaltools.gnu-tools-for-stm32.11.3.rel1.macos64_1.1.100.202310310803/tools/bin/../lib/gcc/arm-none-eabi/11.3.1/../../../../arm-none-eabi/lib/thumb/v7e-m/nofp/libc_nano.a(libc_a-mlock.o)
                0x0000000008001e54                __malloc_lock
 .text.__malloc_unlock
                0x0000000008001e60        0xc /Applications/STM32CubeIDE.app/Contents/Eclipse/plugins/com.st.stm32cube.ide.mcu.externaltools.gnu-tools-for-stm32.11.3.rel1.macos64_1.1.100.202310310803/tools/bin/../lib/gcc/arm-none-eabi/11.3.1/../../../../arm-none-eabi/lib/thumb/v7e-m/nofp/libc_nano.a(libc_a-mlock.o)
                0x0000000008001e60                __malloc_unlock
 .text.__sread  0x0000000008001e6c       0x22 /Applications/STM32CubeIDE.app/Contents/Eclipse/plugins/com.st.stm32cube.ide.mcu.externaltools.gnu-tools-for-stm32.11.3.rel1.macos64_1.1.100.202310310803/tools/bin/../lib/gcc/arm-none-eabi/11.3.1/../../../../arm-none-eabi/lib/thumb/v7e-m/nofp/libc_nano.a(libc_a-stdio.o)
                0x0000000008001e6c                __sread
 .text.__swrite
                0x0000000008001e8e       0x38 /Applications/STM32CubeIDE.app/Contents/Eclipse/plugins/com.st.stm32cube.ide.mcu.externaltools.gnu-tools-for-stm32.11.3.rel1.macos64_1.1.100.202310310803/tools/bin/../lib/gcc/arm-none-eabi/11.3.1/../../../../arm-none-eabi/lib/thumb/v7e-m/nofp/libc_nano.a(libc_a-stdio.o)
                0x0000000008001e8e                __swrite
 .text.__sseek  0x0000000008001ec6       0x24 /Applications/STM32CubeIDE.app/Contents/Eclipse/plugins/com.st.stm32cube.ide.mcu.externaltools.gnu-tools-for-stm32.11.3.rel1.macos64_1.1.100.202310310803/tools/bin/../lib/gcc/arm-none-eabi/11.3.1/../../../../arm-none-eabi/lib/thumb/v7e-m/nofp/libc_nano.a(libc_a-stdio.o)
                0x0000000008001ec6                __sseek
 .text.__sclose
                0x0000000008001eea        0x8 /Applications/STM32CubeIDE.app/Contents/Eclipse/plugins/com.st.stm32cube.ide.mcu.externaltools.gnu-tools-for-stm32.11.3.rel1.macos64_1.1.100.202310310803/tools/bin/../lib/gcc/arm-none-eabi/11.3.1/../../../../arm-none-eabi/lib/thumb/v7e-m/nofp/libc_nano.a(libc_a-stdio.o)
                0x0000000008001eea                __sclose
 .text.__swbuf_r
                0x0000000008001ef2       0x7a /Applications/STM32CubeIDE.app/Contents/Eclipse/plugins/com.st.stm32cube.ide.mcu.externaltools.gnu-tools-for-stm32.11.3.rel1.macos64_1.1.100.202310310803/tools/bin/../lib/gcc/arm-none-eabi/11.3.1/../../../../arm-none-eabi/lib/thumb/v7e-m/nofp/libc_nano.a(libc_a-wbuf.o)
                0x0000000008001ef2                __swbuf_r
 .text.__swsetup_r
                0x0000000008001f6c       0xb0 /Applications/STM32CubeIDE.app/Contents/Eclipse/plugins/com.st.stm32cube.ide.mcu.externaltools.gnu-tools-for-stm32.11.3.rel1.macos64_1.1.100.202310310803/tools/bin/../lib/gcc/arm-none-eabi/11.3.1/../../../../arm-none-eabi/lib/thumb/v7e-m/nofp/libc_nano.a(libc_a-wsetup.o)
                0x0000000008001f6c                __swsetup_r
 .text.__swhatbuf_r
                0x000000000800201c       0x4c /Applications/STM32CubeIDE.app/Contents/Eclipse/plugins/com.st.stm32cube.ide.mcu.externaltools.gnu-tools-for-stm32.11.3.rel1.macos64_1.1.100.202310310803/tools/bin/../lib/gcc/arm-none-eabi/11.3.1/../../../../arm-none-eabi/lib/thumb/v7e-m/nofp/libc_nano.a(libc_a-makebuf.o)
                0x000000000800201c                __swhatbuf_r
 .text.__smakebuf_r
                0x0000000008002068       0x78 /Applications/STM32CubeIDE.app/Contents/Eclipse/plugins/com.st.stm32cube.ide.mcu.externaltools.gnu-tools-for-stm32.11.3.rel1.macos64_1.1.100.202310310803/tools/bin/../lib/gcc/arm-none-eabi/11.3.1/../../../../arm-none-eabi/lib/thumb/v7e-m/nofp/libc_nano.a(libc_a-makebuf.o)
                0x0000000008002068                __smakebuf_r
 .text._close_r
                0x00000000080020e0       0x20 /Applications/STM32CubeIDE.app/Contents/Eclipse/plugins/com.st.stm32cube.ide.mcu.externaltools.gnu-tools-for-stm32.11.3.rel1.macos64_1.1.100.202310310803/tools/bin/../lib/gcc/arm-none-eabi/11.3.1/../../../../arm-none-eabi/lib/thumb/v7e-m/nofp/libc_nano.a(libc_a-closer.o)
                0x00000000080020e0                _close_r
 .text._fstat_r
                0x0000000008002100       0x24 /Applications/STM32CubeIDE.app/Contents/Eclipse/plugins/com.st.stm32cube.ide.mcu.externaltools.gnu-tools-for-stm32.11.3.rel1.macos64_1.1.100.202310310803/tools/bin/../lib/gcc/arm-none-eabi/11.3.1/../../../../arm-none-eabi/lib/thumb/v7e-m/nofp/libc_nano.a(libc_a-fstatr.o)
                0x0000000008002100                _fstat_r
 .text._isatty_r
                0x0000000008002124       0x20 /Applications/STM32CubeIDE.app/Contents/Eclipse/plugins/com.st.stm32cube.ide.mcu.externaltools.gnu-tools-for-stm32.11.3.rel1.macos64_1.1.100.202310310803/tools/bin/../lib/gcc/arm-none-eabi/11.3.1/../../../../arm-none-eabi/lib/thumb/v7e-m/nofp/libc_nano.a(libc_a-isattyr.o)
                0x0000000008002124                _isatty_r
 .text._lseek_r
                0x0000000008002144       0x24 /Applications/STM32CubeIDE.app/Contents/Eclipse/plugins/com.st.stm32cube.ide.mcu.externaltools.gnu-tools-for-stm32.11.3.rel1.macos64_1.1.100.202310310803/tools/bin/../lib/gcc/arm-none-eabi/11.3.1/../../../../arm-none-eabi/lib/thumb/v7e-m/nofp/libc_nano.a(libc_a-lseekr.o)
                0x0000000008002144                _lseek_r
 .text._read_r  0x0000000008002168       0x24 /Applications/STM32CubeIDE.app/Contents/Eclipse/plugins/com.st.stm32cube.ide.mcu.externaltools.gnu-tools-for-stm32.11.3.rel1.macos64_1.1.100.202310310803/tools/bin/../lib/gcc/arm-none-eabi/11.3.1/../../../../arm-none-eabi/lib/thumb/v7e-m/nofp/libc_nano.a(libc_a-readr.o)
                0x0000000008002168                _read_r
 .text._sbrk_r  0x000000000800218c       0x20 /Applications/STM32CubeIDE.app/Contents/Eclipse/plugins/com.st.stm32cube.ide.mcu.externaltools.gnu-tools-for-stm32.11.3.rel1.macos64_1.1.100.202310310803/tools/bin/../lib/gcc/arm-none-eabi/11.3.1/../../../../arm-none-eabi/lib/thumb/v7e-m/nofp/libc_nano.a(libc_a-sbrkr.o)
                0x000000000800218c                _sbrk_r
 .text._write_r
                0x00000000080021ac       0x24 /Applications/STM32CubeIDE.app/Contents/Eclipse/plugins/com.st.stm32cube.ide.mcu.externaltools.gnu-tools-for-stm32.11.3.rel1.macos64_1.1.100.202310310803/tools/bin/../lib/gcc/arm-none-eabi/11.3.1/../../../../arm-none-eabi/lib/thumb/v7e-m/nofp/libc_nano.a(libc_a-writer.o)
                0x00000000080021ac                _write_r
 .text._free_r  0x00000000080021d0       0x94 /Applications/STM32CubeIDE.app/Contents/Eclipse/plugins/com.st.stm32cube.ide.mcu.externaltools.gnu-tools-for-stm32.11.3.rel1.macos64_1.1.100.202310310803/tools/bin/../lib/gcc/arm-none-eabi/11.3.1/../../../../arm-none-eabi/lib/thumb/v7e-m/nofp/libc_nano.a(libc_a-freer.o)
                0x00000000080021d0                _free_r
 *(.glue_7)
 .glue_7        0x0000000008002264        0x0 linker stubs
 *(.glue_7t)
 .glue_7t       0x0000000008002264        0x0 linker stubs
 *(.eh_frame)
 .eh_frame      0x0000000008002264        0x0 /Applications/STM32CubeIDE.app/Contents/Eclipse/plugins/com.st.stm32cube.ide.mcu.externaltools.gnu-tools-for-stm32.11.3.rel1.macos64_1.1.100.202310310803/tools/bin/../lib/gcc/arm-none-eabi/11.3.1/thumb/v7e-m/nofp/crtbegin.o
 *(.init)
 .init          0x0000000008002264        0x4 /Applications/STM32CubeIDE.app/Contents/Eclipse/plugins/com.st.stm32cube.ide.mcu.externaltools.gnu-tools-for-stm32.11.3.rel1.macos64_1.1.100.202310310803/tools/bin/../lib/gcc/arm-none-eabi/11.3.1/thumb/v7e-m/nofp/crti.o
                0x0000000008002264                _init
 .init          0x0000000008002268        0x8 /Applications/STM32CubeIDE.app/Contents/Eclipse/plugins/com.st.stm32cube.ide.mcu.externaltools.gnu-tools-for-stm32.11.3.rel1.macos64_1.1.100.202310310803/tools/bin/../lib/gcc/arm-none-eabi/11.3.1/thumb/v7e-m/nofp/crtn.o
 *(.fini)
 .fini          0x0000000008002270        0x4 /Applications/STM32CubeIDE.app/Contents/Eclipse/plugins/com.st.stm32cube.ide.mcu.externaltools.gnu-tools-for-stm32.11.3.rel1.macos64_1.1.100.202310310803/tools/bin/../lib/gcc/arm-none-eabi/11.3.1/thumb/v7e-m/nofp/crti.o
                0x0000000008002270                _fini
 .fini          0x0000000008002274        0x8 /Applications/STM32CubeIDE.app/Contents/Eclipse/plugins/com.st.stm32cube.ide.mcu.externaltools.gnu-tools-for-stm32.11.3.rel1.macos64_1.1.100.202310310803/tools/bin/../lib/gcc/arm-none-eabi/11.3.1/thumb/v7e-m/nofp/crtn.o
                0x000000000800227c                . = ALIGN (0x4)
                0x000000000800227c                _etext = .

.vfp11_veneer   0x000000000800227c        0x0
 .vfp11_veneer  0x000000000800227c        0x0 linker stubs

.v4_bx          0x000000000800227c        0x0
 .v4_bx         0x000000000800227c        0x0 linker stubs

.iplt           0x000000000800227c        0x0
 .iplt          0x000000000800227c        0x0 /Applications/STM32CubeIDE.app/Contents/Eclipse/plugins/com.st.stm32cube.ide.mcu.externaltools.gnu-tools-for-stm32.11.3.rel1.macos64_1.1.100.202310310803/tools/bin/../lib/gcc/arm-none-eabi/11.3.1/thumb/v7e-m/nofp/crtbegin.o

.rodata         0x000000000800227c       0x94
                0x000000000800227c                . = ALIGN (0x4)
 *(.rodata)
 .rodata        0x000000000800227c       0x93 ./Src/015RTC_LCD_interface.o
 *(.rodata*)
                0x0000000008002310                . = ALIGN (0x4)
 *fill*         0x000000000800230f        0x1 

.rel.dyn        0x0000000008002310        0x0
 .rel.iplt      0x0000000008002310        0x0 /Applications/STM32CubeIDE.app/Contents/Eclipse/plugins/com.st.stm32cube.ide.mcu.externaltools.gnu-tools-for-stm32.11.3.rel1.macos64_1.1.100.202310310803/tools/bin/../lib/gcc/arm-none-eabi/11.3.1/thumb/v7e-m/nofp/crtbegin.o

.ARM.extab      0x0000000008002310        0x0
                0x0000000008002310                . = ALIGN (0x4)
 *(.ARM.extab* .gnu.linkonce.armextab.*)
                0x0000000008002310                . = ALIGN (0x4)

.ARM            0x0000000008002310        0x0
                0x0000000008002310                . = ALIGN (0x4)
                0x0000000008002310                __exidx_start = .
 *(.ARM.exidx*)
                0x0000000008002310                __exidx_end = .
                0x0000000008002310                . = ALIGN (0x4)

.preinit_array  0x0000000008002310        0x0
                0x0000000008002310                . = ALIGN (0x4)
                0x0000000008002310                PROVIDE (__preinit_array_start = .)
 *(.preinit_array*)
                0x0000000008002310                PROVIDE (__preinit_array_end = .)
                0x0000000008002310                . = ALIGN (0x4)

.init_array     0x0000000008002310        0x4
                0x0000000008002310                . = ALIGN (0x4)
                0x0000000008002310                PROVIDE (__init_array_start = .)
 *(SORT_BY_NAME(.init_array.*))
 *(.init_array*)
 .init_array    0x0000000008002310        0x4 /Applications/STM32CubeIDE.app/Contents/Eclipse/plugins/com.st.stm32cube.ide.mcu.externaltools.gnu-tools-for-stm32.11.3.rel1.macos64_1.1.100.202310310803/tools/bin/../lib/gcc/arm-none-eabi/11.3.1/thumb/v7e-m/nofp/crtbegin.o
                0x0000000008002314                PROVIDE (__init_array_end = .)
                0x0000000008002314                . = ALIGN (0x4)

.fini_array     0x0000000008002314        0x4
                0x0000000008002314                . = ALIGN (0x4)
                [!provide]                        PROVIDE (__fini_array_start = .)
 *(SORT_BY_NAME(.fini_array.*))
 *(.fini_array*)
 .fini_array    0x0000000008002314        0x4 /Applications/STM32CubeIDE.app/Contents/Eclipse/plugins/com.st.stm32cube.ide.mcu.externaltools.gnu-tools-for-stm32.11.3.rel1.macos64_1.1.100.202310310803/tools/bin/../lib/gcc/arm-none-eabi/11.3.1/thumb/v7e-m/nofp/crtbegin.o
                [!provide]                        PROVIDE (__fini_array_end = .)
                0x0000000008002318                . = ALIGN (0x4)
                0x0000000008002318                _sidata = LOADADDR (.data)

.data           0x0000000020000000       0x70 load address 0x0000000008002318
                0x0000000020000000                . = ALIGN (0x4)
                0x0000000020000000                _sdata = .
 *(.data)
 *(.data*)
 .data.ahbPrescalars
                0x0000000020000000       0x10 ./Drivers/Src/stm32f401RE_rcc_driver.o
                0x0000000020000000                ahbPrescalars
 .data.apbPrescalars
                0x0000000020000010        0x4 ./Drivers/Src/stm32f401RE_rcc_driver.o
                0x0000000020000010                apbPrescalars
 .data.__sglue  0x0000000020000014        0xc /Applications/STM32CubeIDE.app/Contents/Eclipse/plugins/com.st.stm32cube.ide.mcu.externaltools.gnu-tools-for-stm32.11.3.rel1.macos64_1.1.100.202310310803/tools/bin/../lib/gcc/arm-none-eabi/11.3.1/../../../../arm-none-eabi/lib/thumb/v7e-m/nofp/libc_nano.a(libc_a-findfp.o)
                0x0000000020000014                __sglue
 .data._impure_data
                0x0000000020000020       0x4c /Applications/STM32CubeIDE.app/Contents/Eclipse/plugins/com.st.stm32cube.ide.mcu.externaltools.gnu-tools-for-stm32.11.3.rel1.macos64_1.1.100.202310310803/tools/bin/../lib/gcc/arm-none-eabi/11.3.1/../../../../arm-none-eabi/lib/thumb/v7e-m/nofp/libc_nano.a(libc_a-impure.o)
                0x0000000020000020                _impure_data
 .data._impure_ptr
                0x000000002000006c        0x4 /Applications/STM32CubeIDE.app/Contents/Eclipse/plugins/com.st.stm32cube.ide.mcu.externaltools.gnu-tools-for-stm32.11.3.rel1.macos64_1.1.100.202310310803/tools/bin/../lib/gcc/arm-none-eabi/11.3.1/../../../../arm-none-eabi/lib/thumb/v7e-m/nofp/libc_nano.a(libc_a-impure.o)
                0x000000002000006c                _impure_ptr
 *(.RamFunc)
 *(.RamFunc*)
                0x0000000020000070                . = ALIGN (0x4)
                0x0000000020000070                _edata = .

.igot.plt       0x0000000020000070        0x0 load address 0x0000000008002388
 .igot.plt      0x0000000020000070        0x0 /Applications/STM32CubeIDE.app/Contents/Eclipse/plugins/com.st.stm32cube.ide.mcu.externaltools.gnu-tools-for-stm32.11.3.rel1.macos64_1.1.100.202310310803/tools/bin/../lib/gcc/arm-none-eabi/11.3.1/thumb/v7e-m/nofp/crtbegin.o
                0x0000000020000070                . = ALIGN (0x4)

.bss            0x0000000020000070      0x1b4 load address 0x0000000008002388
                0x0000000020000070                _sbss = .
                0x0000000020000070                __bss_start__ = _sbss
 *(.bss)
 .bss           0x0000000020000070       0x1c /Applications/STM32CubeIDE.app/Contents/Eclipse/plugins/com.st.stm32cube.ide.mcu.externaltools.gnu-tools-for-stm32.11.3.rel1.macos64_1.1.100.202310310803/tools/bin/../lib/gcc/arm-none-eabi/11.3.1/thumb/v7e-m/nofp/crtbegin.o
 *(.bss*)
 .bss.ds1307I2CHandle
                0x000000002000008c       0x28 ./BSP/DS1307.o
                0x000000002000008c                ds1307I2CHandle
 .bss.current_date
                0x00000000200000b4        0x4 ./Src/015RTC_LCD_interface.o
                0x00000000200000b4                current_date
 .bss.current_time
                0x00000000200000b8        0x4 ./Src/015RTC_LCD_interface.o
                0x00000000200000b8                current_time
 .bss.buf.1     0x00000000200000bc        0x9 ./Src/015RTC_LCD_interface.o
 *fill*         0x00000000200000c5        0x3 
 .bss.buf.0     0x00000000200000c8        0x9 ./Src/015RTC_LCD_interface.o
 *fill*         0x00000000200000d1        0x3 
 .bss.__sbrk_heap_end
                0x00000000200000d4        0x4 ./Src/sysmem.o
 .bss.__sf      0x00000000200000d8      0x138 /Applications/STM32CubeIDE.app/Contents/Eclipse/plugins/com.st.stm32cube.ide.mcu.externaltools.gnu-tools-for-stm32.11.3.rel1.macos64_1.1.100.202310310803/tools/bin/../lib/gcc/arm-none-eabi/11.3.1/../../../../arm-none-eabi/lib/thumb/v7e-m/nofp/libc_nano.a(libc_a-findfp.o)
                0x00000000200000d8                __sf
 .bss.__stdio_exit_handler
                0x0000000020000210        0x4 /Applications/STM32CubeIDE.app/Contents/Eclipse/plugins/com.st.stm32cube.ide.mcu.externaltools.gnu-tools-for-stm32.11.3.rel1.macos64_1.1.100.202310310803/tools/bin/../lib/gcc/arm-none-eabi/11.3.1/../../../../arm-none-eabi/lib/thumb/v7e-m/nofp/libc_nano.a(libc_a-findfp.o)
                0x0000000020000210                __stdio_exit_handler
 .bss.__lock___malloc_recursive_mutex
                0x0000000020000214        0x1 /Applications/STM32CubeIDE.app/Contents/Eclipse/plugins/com.st.stm32cube.ide.mcu.externaltools.gnu-tools-for-stm32.11.3.rel1.macos64_1.1.100.202310310803/tools/bin/../lib/gcc/arm-none-eabi/11.3.1/../../../../arm-none-eabi/lib/thumb/v7e-m/nofp/libc_nano.a(libc_a-lock.o)
                0x0000000020000214                __lock___malloc_recursive_mutex
 .bss.__lock___sfp_recursive_mutex
                0x0000000020000215        0x1 /Applications/STM32CubeIDE.app/Contents/Eclipse/plugins/com.st.stm32cube.ide.mcu.externaltools.gnu-tools-for-stm32.11.3.rel1.macos64_1.1.100.202310310803/tools/bin/../lib/gcc/arm-none-eabi/11.3.1/../../../../arm-none-eabi/lib/thumb/v7e-m/nofp/libc_nano.a(libc_a-lock.o)
                0x0000000020000215                __lock___sfp_recursive_mutex
 *fill*         0x0000000020000216        0x2 
 .bss.__malloc_free_list
                0x0000000020000218        0x4 /Applications/STM32CubeIDE.app/Contents/Eclipse/plugins/com.st.stm32cube.ide.mcu.externaltools.gnu-tools-for-stm32.11.3.rel1.macos64_1.1.100.202310310803/tools/bin/../lib/gcc/arm-none-eabi/11.3.1/../../../../arm-none-eabi/lib/thumb/v7e-m/nofp/libc_nano.a(libc_a-mallocr.o)
                0x0000000020000218                __malloc_free_list
 .bss.__malloc_sbrk_start
                0x000000002000021c        0x4 /Applications/STM32CubeIDE.app/Contents/Eclipse/plugins/com.st.stm32cube.ide.mcu.externaltools.gnu-tools-for-stm32.11.3.rel1.macos64_1.1.100.202310310803/tools/bin/../lib/gcc/arm-none-eabi/11.3.1/../../../../arm-none-eabi/lib/thumb/v7e-m/nofp/libc_nano.a(libc_a-mallocr.o)
                0x000000002000021c                __malloc_sbrk_start
 .bss.errno     0x0000000020000220        0x4 /Applications/STM32CubeIDE.app/Contents/Eclipse/plugins/com.st.stm32cube.ide.mcu.externaltools.gnu-tools-for-stm32.11.3.rel1.macos64_1.1.100.202310310803/tools/bin/../lib/gcc/arm-none-eabi/11.3.1/../../../../arm-none-eabi/lib/thumb/v7e-m/nofp/libc_nano.a(libc_a-reent.o)
                0x0000000020000220                errno
 *(COMMON)
                0x0000000020000224                . = ALIGN (0x4)
                0x0000000020000224                _ebss = .
                0x0000000020000224                __bss_end__ = _ebss

._user_heap_stack
                0x0000000020000224      0x604 load address 0x0000000008002388
                0x0000000020000228                . = ALIGN (0x8)
 *fill*         0x0000000020000224        0x4 
                [!provide]                        PROVIDE (end = .)
                0x0000000020000228                PROVIDE (_end = .)
                0x0000000020000428                . = (. + _Min_Heap_Size)
 *fill*         0x0000000020000228      0x200 
                0x0000000020000828                . = (. + _Min_Stack_Size)
 *fill*         0x0000000020000428      0x400 
                0x0000000020000828                . = ALIGN (0x8)

/DISCARD/
 libc.a(*)
 libm.a(*)
 libgcc.a(*)

.ARM.attributes
                0x0000000000000000       0x2a
 *(.ARM.attributes)
 .ARM.attributes
                0x0000000000000000       0x1e /Applications/STM32CubeIDE.app/Contents/Eclipse/plugins/com.st.stm32cube.ide.mcu.externaltools.gnu-tools-for-stm32.11.3.rel1.macos64_1.1.100.202310310803/tools/bin/../lib/gcc/arm-none-eabi/11.3.1/thumb/v7e-m/nofp/crti.o
 .ARM.attributes
                0x000000000000001e       0x2e /Applications/STM32CubeIDE.app/Contents/Eclipse/plugins/com.st.stm32cube.ide.mcu.externaltools.gnu-tools-for-stm32.11.3.rel1.macos64_1.1.100.202310310803/tools/bin/../lib/gcc/arm-none-eabi/11.3.1/thumb/v7e-m/nofp/crtbegin.o
 .ARM.attributes
                0x000000000000004c       0x2e ./BSP/DS1307.o
 .ARM.attributes
                0x000000000000007a       0x2e ./BSP/LCD.o
 .ARM.attributes
                0x00000000000000a8       0x2e ./Drivers/Src/stm32F401RE_i2c_driver.o
 .ARM.attributes
                0x00000000000000d6       0x2e ./Drivers/Src/stm32f401RE_gpio_driver.o
 .ARM.attributes
                0x0000000000000104       0x2e ./Drivers/Src/stm32f401RE_rcc_driver.o
 .ARM.attributes
                0x0000000000000132       0x2e ./Src/015RTC_LCD_interface.o
 .ARM.attributes
                0x0000000000000160       0x2e ./Src/syscalls.o
 .ARM.attributes
                0x000000000000018e       0x2e ./Src/sysmem.o
 .ARM.attributes
                0x00000000000001bc       0x21 ./Startup/startup_stm32f401retx.o
 .ARM.attributes
                0x00000000000001dd       0x2e /Applications/STM32CubeIDE.app/Contents/Eclipse/plugins/com.st.stm32cube.ide.mcu.externaltools.gnu-tools-for-stm32.11.3.rel1.macos64_1.1.100.202310310803/tools/bin/../lib/gcc/arm-none-eabi/11.3.1/../../../../arm-none-eabi/lib/thumb/v7e-m/nofp/libc_nano.a(libc_a-findfp.o)
 .ARM.attributes
                0x000000000000020b       0x2e /Applications/STM32CubeIDE.app/Contents/Eclipse/plugins/com.st.stm32cube.ide.mcu.externaltools.gnu-tools-for-stm32.11.3.rel1.macos64_1.1.100.202310310803/tools/bin/../lib/gcc/arm-none-eabi/11.3.1/../../../../arm-none-eabi/lib/thumb/v7e-m/nofp/libc_nano.a(libc_a-fwalk.o)
 .ARM.attributes
                0x0000000000000239       0x2e /Applications/STM32CubeIDE.app/Contents/Eclipse/plugins/com.st.stm32cube.ide.mcu.externaltools.gnu-tools-for-stm32.11.3.rel1.macos64_1.1.100.202310310803/tools/bin/../lib/gcc/arm-none-eabi/11.3.1/../../../../arm-none-eabi/lib/thumb/v7e-m/nofp/libc_nano.a(libc_a-puts.o)
 .ARM.attributes
                0x0000000000000267       0x2e /Applications/STM32CubeIDE.app/Contents/Eclipse/plugins/com.st.stm32cube.ide.mcu.externaltools.gnu-tools-for-stm32.11.3.rel1.macos64_1.1.100.202310310803/tools/bin/../lib/gcc/arm-none-eabi/11.3.1/../../../../arm-none-eabi/lib/thumb/v7e-m/nofp/libc_nano.a(libc_a-memset.o)
 .ARM.attributes
                0x0000000000000295       0x2e /Applications/STM32CubeIDE.app/Contents/Eclipse/plugins/com.st.stm32cube.ide.mcu.externaltools.gnu-tools-for-stm32.11.3.rel1.macos64_1.1.100.202310310803/tools/bin/../lib/gcc/arm-none-eabi/11.3.1/../../../../arm-none-eabi/lib/thumb/v7e-m/nofp/libc_nano.a(libc_a-impure.o)
 .ARM.attributes
                0x00000000000002c3       0x2e /Applications/STM32CubeIDE.app/Contents/Eclipse/plugins/com.st.stm32cube.ide.mcu.externaltools.gnu-tools-for-stm32.11.3.rel1.macos64_1.1.100.202310310803/tools/bin/../lib/gcc/arm-none-eabi/11.3.1/../../../../arm-none-eabi/lib/thumb/v7e-m/nofp/libc_nano.a(libc_a-errno.o)
 .ARM.attributes
                0x00000000000002f1       0x2e /Applications/STM32CubeIDE.app/Contents/Eclipse/plugins/com.st.stm32cube.ide.mcu.externaltools.gnu-tools-for-stm32.11.3.rel1.macos64_1.1.100.202310310803/tools/bin/../lib/gcc/arm-none-eabi/11.3.1/../../../../arm-none-eabi/lib/thumb/v7e-m/nofp/libc_nano.a(libc_a-init.o)
 .ARM.attributes
                0x000000000000031f       0x2e /Applications/STM32CubeIDE.app/Contents/Eclipse/plugins/com.st.stm32cube.ide.mcu.externaltools.gnu-tools-for-stm32.11.3.rel1.macos64_1.1.100.202310310803/tools/bin/../lib/gcc/arm-none-eabi/11.3.1/../../../../arm-none-eabi/lib/thumb/v7e-m/nofp/libc_nano.a(libc_a-lock.o)
 .ARM.attributes
                0x000000000000034d       0x2e /Applications/STM32CubeIDE.app/Contents/Eclipse/plugins/com.st.stm32cube.ide.mcu.externaltools.gnu-tools-for-stm32.11.3.rel1.macos64_1.1.100.202310310803/tools/bin/../lib/gcc/arm-none-eabi/11.3.1/../../../../arm-none-eabi/lib/thumb/v7e-m/nofp/libc_nano.a(libc_a-mallocr.o)
 .ARM.attributes
                0x000000000000037b       0x2e /Applications/STM32CubeIDE.app/Contents/Eclipse/plugins/com.st.stm32cube.ide.mcu.externaltools.gnu-tools-for-stm32.11.3.rel1.macos64_1.1.100.202310310803/tools/bin/../lib/gcc/arm-none-eabi/11.3.1/../../../../arm-none-eabi/lib/thumb/v7e-m/nofp/libc_nano.a(libc_a-fflush.o)
 .ARM.attributes
                0x00000000000003a9       0x2e /Applications/STM32CubeIDE.app/Contents/Eclipse/plugins/com.st.stm32cube.ide.mcu.externaltools.gnu-tools-for-stm32.11.3.rel1.macos64_1.1.100.202310310803/tools/bin/../lib/gcc/arm-none-eabi/11.3.1/../../../../arm-none-eabi/lib/thumb/v7e-m/nofp/libc_nano.a(libc_a-mlock.o)
 .ARM.attributes
                0x00000000000003d7       0x2e /Applications/STM32CubeIDE.app/Contents/Eclipse/plugins/com.st.stm32cube.ide.mcu.externaltools.gnu-tools-for-stm32.11.3.rel1.macos64_1.1.100.202310310803/tools/bin/../lib/gcc/arm-none-eabi/11.3.1/../../../../arm-none-eabi/lib/thumb/v7e-m/nofp/libc_nano.a(libc_a-stdio.o)
 .ARM.attributes
                0x0000000000000405       0x2e /Applications/STM32CubeIDE.app/Contents/Eclipse/plugins/com.st.stm32cube.ide.mcu.externaltools.gnu-tools-for-stm32.11.3.rel1.macos64_1.1.100.202310310803/tools/bin/../lib/gcc/arm-none-eabi/11.3.1/../../../../arm-none-eabi/lib/thumb/v7e-m/nofp/libc_nano.a(libc_a-wbuf.o)
 .ARM.attributes
                0x0000000000000433       0x2e /Applications/STM32CubeIDE.app/Contents/Eclipse/plugins/com.st.stm32cube.ide.mcu.externaltools.gnu-tools-for-stm32.11.3.rel1.macos64_1.1.100.202310310803/tools/bin/../lib/gcc/arm-none-eabi/11.3.1/../../../../arm-none-eabi/lib/thumb/v7e-m/nofp/libc_nano.a(libc_a-wsetup.o)
 .ARM.attributes
                0x0000000000000461       0x2e /Applications/STM32CubeIDE.app/Contents/Eclipse/plugins/com.st.stm32cube.ide.mcu.externaltools.gnu-tools-for-stm32.11.3.rel1.macos64_1.1.100.202310310803/tools/bin/../lib/gcc/arm-none-eabi/11.3.1/../../../../arm-none-eabi/lib/thumb/v7e-m/nofp/libc_nano.a(libc_a-makebuf.o)
 .ARM.attributes
                0x000000000000048f       0x2e /Applications/STM32CubeIDE.app/Contents/Eclipse/plugins/com.st.stm32cube.ide.mcu.externaltools.gnu-tools-for-stm32.11.3.rel1.macos64_1.1.100.202310310803/tools/bin/../lib/gcc/arm-none-eabi/11.3.1/../../../../arm-none-eabi/lib/thumb/v7e-m/nofp/libc_nano.a(libc_a-closer.o)
 .ARM.attributes
                0x00000000000004bd       0x2e /Applications/STM32CubeIDE.app/Contents/Eclipse/plugins/com.st.stm32cube.ide.mcu.externaltools.gnu-tools-for-stm32.11.3.rel1.macos64_1.1.100.202310310803/tools/bin/../lib/gcc/arm-none-eabi/11.3.1/../../../../arm-none-eabi/lib/thumb/v7e-m/nofp/libc_nano.a(libc_a-reent.o)
 .ARM.attributes
                0x00000000000004eb       0x2e /Applications/STM32CubeIDE.app/Contents/Eclipse/plugins/com.st.stm32cube.ide.mcu.externaltools.gnu-tools-for-stm32.11.3.rel1.macos64_1.1.100.202310310803/tools/bin/../lib/gcc/arm-none-eabi/11.3.1/../../../../arm-none-eabi/lib/thumb/v7e-m/nofp/libc_nano.a(libc_a-fstatr.o)
 .ARM.attributes
                0x0000000000000519       0x2e /Applications/STM32CubeIDE.app/Contents/Eclipse/plugins/com.st.stm32cube.ide.mcu.externaltools.gnu-tools-for-stm32.11.3.rel1.macos64_1.1.100.202310310803/tools/bin/../lib/gcc/arm-none-eabi/11.3.1/../../../../arm-none-eabi/lib/thumb/v7e-m/nofp/libc_nano.a(libc_a-isattyr.o)
 .ARM.attributes
                0x0000000000000547       0x2e /Applications/STM32CubeIDE.app/Contents/Eclipse/plugins/com.st.stm32cube.ide.mcu.externaltools.gnu-tools-for-stm32.11.3.rel1.macos64_1.1.100.202310310803/tools/bin/../lib/gcc/arm-none-eabi/11.3.1/../../../../arm-none-eabi/lib/thumb/v7e-m/nofp/libc_nano.a(libc_a-lseekr.o)
 .ARM.attributes
                0x0000000000000575       0x2e /Applications/STM32CubeIDE.app/Contents/Eclipse/plugins/com.st.stm32cube.ide.mcu.externaltools.gnu-tools-for-stm32.11.3.rel1.macos64_1.1.100.202310310803/tools/bin/../lib/gcc/arm-none-eabi/11.3.1/../../../../arm-none-eabi/lib/thumb/v7e-m/nofp/libc_nano.a(libc_a-readr.o)
 .ARM.attributes
                0x00000000000005a3       0x2e /Applications/STM32CubeIDE.app/Contents/Eclipse/plugins/com.st.stm32cube.ide.mcu.externaltools.gnu-tools-for-stm32.11.3.rel1.macos64_1.1.100.202310310803/tools/bin/../lib/gcc/arm-none-eabi/11.3.1/../../../../arm-none-eabi/lib/thumb/v7e-m/nofp/libc_nano.a(libc_a-sbrkr.o)
 .ARM.attributes
                0x00000000000005d1       0x2e /Applications/STM32CubeIDE.app/Contents/Eclipse/plugins/com.st.stm32cube.ide.mcu.externaltools.gnu-tools-for-stm32.11.3.rel1.macos64_1.1.100.202310310803/tools/bin/../lib/gcc/arm-none-eabi/11.3.1/../../../../arm-none-eabi/lib/thumb/v7e-m/nofp/libc_nano.a(libc_a-writer.o)
 .ARM.attributes
                0x00000000000005ff       0x2e /Applications/STM32CubeIDE.app/Contents/Eclipse/plugins/com.st.stm32cube.ide.mcu.externaltools.gnu-tools-for-stm32.11.3.rel1.macos64_1.1.100.202310310803/tools/bin/../lib/gcc/arm-none-eabi/11.3.1/../../../../arm-none-eabi/lib/thumb/v7e-m/nofp/libc_nano.a(libc_a-freer.o)
 .ARM.attributes
                0x000000000000062d       0x1e /Applications/STM32CubeIDE.app/Contents/Eclipse/plugins/com.st.stm32cube.ide.mcu.externaltools.gnu-tools-for-stm32.11.3.rel1.macos64_1.1.100.202310310803/tools/bin/../lib/gcc/arm-none-eabi/11.3.1/thumb/v7e-m/nofp/crtn.o
OUTPUT(STM32F401RE_Drivers.elf elf32-littlearm)
LOAD linker stubs
LOAD /Applications/STM32CubeIDE.app/Contents/Eclipse/plugins/com.st.stm32cube.ide.mcu.externaltools.gnu-tools-for-stm32.11.3.rel1.macos64_1.1.100.202310310803/tools/bin/../lib/gcc/arm-none-eabi/11.3.1/../../../../arm-none-eabi/lib/thumb/v7e-m/nofp/libc.a
LOAD /Applications/STM32CubeIDE.app/Contents/Eclipse/plugins/com.st.stm32cube.ide.mcu.externaltools.gnu-tools-for-stm32.11.3.rel1.macos64_1.1.100.202310310803/tools/bin/../lib/gcc/arm-none-eabi/11.3.1/../../../../arm-none-eabi/lib/thumb/v7e-m/nofp/libm.a
LOAD /Applications/STM32CubeIDE.app/Contents/Eclipse/plugins/com.st.stm32cube.ide.mcu.externaltools.gnu-tools-for-stm32.11.3.rel1.macos64_1.1.100.202310310803/tools/bin/../lib/gcc/arm-none-eabi/11.3.1/thumb/v7e-m/nofp/libgcc.a

.comment        0x0000000000000000       0x43
 .comment       0x0000000000000000       0x43 /Applications/STM32CubeIDE.app/Contents/Eclipse/plugins/com.st.stm32cube.ide.mcu.externaltools.gnu-tools-for-stm32.11.3.rel1.macos64_1.1.100.202310310803/tools/bin/../lib/gcc/arm-none-eabi/11.3.1/thumb/v7e-m/nofp/crtbegin.o
                                         0x44 (size before relaxing)
 .comment       0x0000000000000043       0x44 ./BSP/DS1307.o
 .comment       0x0000000000000043       0x44 ./BSP/LCD.o
 .comment       0x0000000000000043       0x44 ./Drivers/Src/stm32F401RE_i2c_driver.o
 .comment       0x0000000000000043       0x44 ./Drivers/Src/stm32f401RE_gpio_driver.o
 .comment       0x0000000000000043       0x44 ./Drivers/Src/stm32f401RE_rcc_driver.o
 .comment       0x0000000000000043       0x44 ./Src/015RTC_LCD_interface.o
 .comment       0x0000000000000043       0x44 ./Src/syscalls.o
 .comment       0x0000000000000043       0x44 ./Src/sysmem.o

.debug_info     0x0000000000000000     0x2b82
 .debug_info    0x0000000000000000      0x73a ./BSP/DS1307.o
 .debug_info    0x000000000000073a      0x3e0 ./BSP/LCD.o
 .debug_info    0x0000000000000b1a      0xa3f ./Drivers/Src/stm32F401RE_i2c_driver.o
 .debug_info    0x0000000000001559      0x74e ./Drivers/Src/stm32f401RE_gpio_driver.o
 .debug_info    0x0000000000001ca7      0x31c ./Drivers/Src/stm32f401RE_rcc_driver.o
 .debug_info    0x0000000000001fc3      0x391 ./Src/015RTC_LCD_interface.o
 .debug_info    0x0000000000002354      0x6a3 ./Src/syscalls.o
 .debug_info    0x00000000000029f7      0x168 ./Src/sysmem.o
 .debug_info    0x0000000000002b5f       0x23 ./Startup/startup_stm32f401retx.o

.debug_abbrev   0x0000000000000000      0xc8e
 .debug_abbrev  0x0000000000000000      0x1fb ./BSP/DS1307.o
 .debug_abbrev  0x00000000000001fb      0x1bb ./BSP/LCD.o
 .debug_abbrev  0x00000000000003b6      0x291 ./Drivers/Src/stm32F401RE_i2c_driver.o
 .debug_abbrev  0x0000000000000647      0x146 ./Drivers/Src/stm32f401RE_gpio_driver.o
 .debug_abbrev  0x000000000000078d       0xdb ./Drivers/Src/stm32f401RE_rcc_driver.o
 .debug_abbrev  0x0000000000000868      0x1a2 ./Src/015RTC_LCD_interface.o
 .debug_abbrev  0x0000000000000a0a      0x1b6 ./Src/syscalls.o
 .debug_abbrev  0x0000000000000bc0       0xbc ./Src/sysmem.o
 .debug_abbrev  0x0000000000000c7c       0x12 ./Startup/startup_stm32f401retx.o

.debug_aranges  0x0000000000000000      0x388
 .debug_aranges
                0x0000000000000000       0x70 ./BSP/DS1307.o
 .debug_aranges
                0x0000000000000070       0x70 ./BSP/LCD.o
 .debug_aranges
                0x00000000000000e0       0xd8 ./Drivers/Src/stm32F401RE_i2c_driver.o
 .debug_aranges
                0x00000000000001b8       0x70 ./Drivers/Src/stm32f401RE_gpio_driver.o
 .debug_aranges
                0x0000000000000228       0x20 ./Drivers/Src/stm32f401RE_rcc_driver.o
 .debug_aranges
                0x0000000000000248       0x50 ./Src/015RTC_LCD_interface.o
 .debug_aranges
                0x0000000000000298       0xa8 ./Src/syscalls.o
 .debug_aranges
                0x0000000000000340       0x20 ./Src/sysmem.o
 .debug_aranges
                0x0000000000000360       0x28 ./Startup/startup_stm32f401retx.o

.debug_rnglists
                0x0000000000000000      0x28c
 .debug_rnglists
                0x0000000000000000       0x51 ./BSP/DS1307.o
 .debug_rnglists
                0x0000000000000051       0x50 ./BSP/LCD.o
 .debug_rnglists
                0x00000000000000a1       0xa7 ./Drivers/Src/stm32F401RE_i2c_driver.o
 .debug_rnglists
                0x0000000000000148       0x53 ./Drivers/Src/stm32f401RE_gpio_driver.o
 .debug_rnglists
                0x000000000000019b       0x14 ./Drivers/Src/stm32f401RE_rcc_driver.o
 .debug_rnglists
                0x00000000000001af       0x38 ./Src/015RTC_LCD_interface.o
 .debug_rnglists
                0x00000000000001e7       0x79 ./Src/syscalls.o
 .debug_rnglists
                0x0000000000000260       0x13 ./Src/sysmem.o
 .debug_rnglists
                0x0000000000000273       0x19 ./Startup/startup_stm32f401retx.o

.debug_macro    0x0000000000000000     0x4595
 .debug_macro   0x0000000000000000      0x19e ./BSP/DS1307.o
 .debug_macro   0x000000000000019e      0xaa8 ./BSP/DS1307.o
 .debug_macro   0x0000000000000c46       0x22 ./BSP/DS1307.o
 .debug_macro   0x0000000000000c68       0x8e ./BSP/DS1307.o
 .debug_macro   0x0000000000000cf6       0x51 ./BSP/DS1307.o
 .debug_macro   0x0000000000000d47      0x103 ./BSP/DS1307.o
 .debug_macro   0x0000000000000e4a       0x6a ./BSP/DS1307.o
 .debug_macro   0x0000000000000eb4      0x1df ./BSP/DS1307.o
 .debug_macro   0x0000000000001093       0x61 ./BSP/DS1307.o
 .debug_macro   0x00000000000010f4       0x24 ./BSP/DS1307.o
 .debug_macro   0x0000000000001118       0x43 ./BSP/DS1307.o
 .debug_macro   0x000000000000115b       0x34 ./BSP/DS1307.o
 .debug_macro   0x000000000000118f      0x174 ./BSP/DS1307.o
 .debug_macro   0x0000000000001303       0x16 ./BSP/DS1307.o
 .debug_macro   0x0000000000001319       0x43 ./BSP/DS1307.o
 .debug_macro   0x000000000000135c       0x34 ./BSP/DS1307.o
 .debug_macro   0x0000000000001390       0x10 ./BSP/DS1307.o
 .debug_macro   0x00000000000013a0       0x58 ./BSP/DS1307.o
 .debug_macro   0x00000000000013f8       0x8e ./BSP/DS1307.o
 .debug_macro   0x0000000000001486       0x1c ./BSP/DS1307.o
 .debug_macro   0x00000000000014a2      0x177 ./BSP/DS1307.o
 .debug_macro   0x0000000000001619      0x369 ./BSP/DS1307.o
 .debug_macro   0x0000000000001982       0x10 ./BSP/DS1307.o
 .debug_macro   0x0000000000001992       0x35 ./BSP/DS1307.o
 .debug_macro   0x00000000000019c7       0x20 ./BSP/DS1307.o
 .debug_macro   0x00000000000019e7      0x667 ./BSP/DS1307.o
 .debug_macro   0x000000000000204e      0x124 ./BSP/DS1307.o
 .debug_macro   0x0000000000002172       0xc8 ./BSP/DS1307.o
 .debug_macro   0x000000000000223a       0xdc ./BSP/DS1307.o
 .debug_macro   0x0000000000002316      0x100 ./BSP/DS1307.o
 .debug_macro   0x0000000000002416       0x16 ./BSP/DS1307.o
 .debug_macro   0x000000000000242c       0xb2 ./BSP/DS1307.o
 .debug_macro   0x00000000000024de      0x19e ./BSP/LCD.o
 .debug_macro   0x000000000000267c       0x58 ./BSP/LCD.o
 .debug_macro   0x00000000000026d4       0xc5 ./Drivers/Src/stm32F401RE_i2c_driver.o
 .debug_macro   0x0000000000002799      0x667 ./Drivers/Src/stm32F401RE_i2c_driver.o
 .debug_macro   0x0000000000002e00       0xcb ./Drivers/Src/stm32f401RE_gpio_driver.o
 .debug_macro   0x0000000000002ecb       0xc2 ./Drivers/Src/stm32f401RE_gpio_driver.o
 .debug_macro   0x0000000000002f8d       0xcb ./Drivers/Src/stm32f401RE_rcc_driver.o
 .debug_macro   0x0000000000003058       0x10 ./Drivers/Src/stm32f401RE_rcc_driver.o
 .debug_macro   0x0000000000003068      0x1b1 ./Src/015RTC_LCD_interface.o
 .debug_macro   0x0000000000003219       0x5b ./Src/015RTC_LCD_interface.o
 .debug_macro   0x0000000000003274       0x94 ./Src/015RTC_LCD_interface.o
 .debug_macro   0x0000000000003308       0x16 ./Src/015RTC_LCD_interface.o
 .debug_macro   0x000000000000331e       0x57 ./Src/015RTC_LCD_interface.o
 .debug_macro   0x0000000000003375       0x97 ./Src/015RTC_LCD_interface.o
 .debug_macro   0x000000000000340c       0xfd ./Src/015RTC_LCD_interface.o
 .debug_macro   0x0000000000003509       0x10 ./Src/015RTC_LCD_interface.o
 .debug_macro   0x0000000000003519       0x16 ./Src/015RTC_LCD_interface.o
 .debug_macro   0x000000000000352f       0x16 ./Src/015RTC_LCD_interface.o
 .debug_macro   0x0000000000003545      0x147 ./Src/015RTC_LCD_interface.o
 .debug_macro   0x000000000000368c       0x5e ./Src/015RTC_LCD_interface.o
 .debug_macro   0x00000000000036ea      0x274 ./Src/syscalls.o
 .debug_macro   0x000000000000395e       0x10 ./Src/syscalls.o
 .debug_macro   0x000000000000396e       0x10 ./Src/syscalls.o
 .debug_macro   0x000000000000397e       0x10 ./Src/syscalls.o
 .debug_macro   0x000000000000398e       0x10 ./Src/syscalls.o
 .debug_macro   0x000000000000399e       0x1c ./Src/syscalls.o
 .debug_macro   0x00000000000039ba       0x52 ./Src/syscalls.o
 .debug_macro   0x0000000000003a0c       0x22 ./Src/syscalls.o
 .debug_macro   0x0000000000003a2e       0x10 ./Src/syscalls.o
 .debug_macro   0x0000000000003a3e       0x52 ./Src/syscalls.o
 .debug_macro   0x0000000000003a90       0xcf ./Src/syscalls.o
 .debug_macro   0x0000000000003b5f       0x1c ./Src/syscalls.o
 .debug_macro   0x0000000000003b7b       0x3d ./Src/syscalls.o
 .debug_macro   0x0000000000003bb8       0x35 ./Src/syscalls.o
 .debug_macro   0x0000000000003bed      0x12c ./Src/syscalls.o
 .debug_macro   0x0000000000003d19       0x16 ./Src/syscalls.o
 .debug_macro   0x0000000000003d2f       0x16 ./Src/syscalls.o
 .debug_macro   0x0000000000003d45       0x29 ./Src/syscalls.o
 .debug_macro   0x0000000000003d6e       0x10 ./Src/syscalls.o
 .debug_macro   0x0000000000003d7e      0x242 ./Src/syscalls.o
 .debug_macro   0x0000000000003fc0       0x1c ./Src/syscalls.o
 .debug_macro   0x0000000000003fdc       0x10 ./Src/syscalls.o
 .debug_macro   0x0000000000003fec      0x18a ./Src/syscalls.o
 .debug_macro   0x0000000000004176       0x16 ./Src/syscalls.o
 .debug_macro   0x000000000000418c       0xce ./Src/syscalls.o
 .debug_macro   0x000000000000425a       0xff ./Src/sysmem.o
 .debug_macro   0x0000000000004359      0x23c ./Src/sysmem.o

.debug_line     0x0000000000000000     0x417f
 .debug_line    0x0000000000000000      0x7f8 ./BSP/DS1307.o
 .debug_line    0x00000000000007f8      0x7e0 ./BSP/LCD.o
 .debug_line    0x0000000000000fd8      0xd64 ./Drivers/Src/stm32F401RE_i2c_driver.o
 .debug_line    0x0000000000001d3c      0x974 ./Drivers/Src/stm32f401RE_gpio_driver.o
 .debug_line    0x00000000000026b0      0x52c ./Drivers/Src/stm32f401RE_rcc_driver.o
 .debug_line    0x0000000000002bdc      0x7cb ./Src/015RTC_LCD_interface.o
 .debug_line    0x00000000000033a7      0x846 ./Src/syscalls.o
 .debug_line    0x0000000000003bed      0x517 ./Src/sysmem.o
 .debug_line    0x0000000000004104       0x7b ./Startup/startup_stm32f401retx.o

.debug_str      0x0000000000000000     0xcf7f
 .debug_str     0x0000000000000000     0x9f02 ./BSP/DS1307.o
                                       0xa12a (size before relaxing)
 .debug_str     0x0000000000009f02      0x238 ./BSP/LCD.o
                                       0x9e54 (size before relaxing)
 .debug_str     0x000000000000a13a      0x3e4 ./Drivers/Src/stm32F401RE_i2c_driver.o
                                       0x6ecf (size before relaxing)
 .debug_str     0x000000000000a51e      0x149 ./Drivers/Src/stm32f401RE_gpio_driver.o
                                       0x6d8c (size before relaxing)
 .debug_str     0x000000000000a667       0x75 ./Drivers/Src/stm32f401RE_rcc_driver.o
                                       0x6b71 (size before relaxing)
 .debug_str     0x000000000000a6dc      0x742 ./Src/015RTC_LCD_interface.o
                                       0xa6d1 (size before relaxing)
 .debug_str     0x000000000000ae1e     0x20cc ./Src/syscalls.o
                                       0x987f (size before relaxing)
 .debug_str     0x000000000000ceea       0x66 ./Src/sysmem.o
                                       0x6036 (size before relaxing)
 .debug_str     0x000000000000cf50       0x2f ./Startup/startup_stm32f401retx.o
                                         0x87 (size before relaxing)

.debug_frame    0x0000000000000000     0x1360
 .debug_frame   0x0000000000000000      0x19c ./BSP/DS1307.o
 .debug_frame   0x000000000000019c      0x18c ./BSP/LCD.o
 .debug_frame   0x0000000000000328      0x3a8 ./Drivers/Src/stm32F401RE_i2c_driver.o
 .debug_frame   0x00000000000006d0      0x1c8 ./Drivers/Src/stm32f401RE_gpio_driver.o
 .debug_frame   0x0000000000000898       0x38 ./Drivers/Src/stm32f401RE_rcc_driver.o
 .debug_frame   0x00000000000008d0      0x114 ./Src/015RTC_LCD_interface.o
 .debug_frame   0x00000000000009e4      0x2ac ./Src/syscalls.o
 .debug_frame   0x0000000000000c90       0x34 ./Src/sysmem.o
 .debug_frame   0x0000000000000cc4      0x144 /Applications/STM32CubeIDE.app/Contents/Eclipse/plugins/com.st.stm32cube.ide.mcu.externaltools.gnu-tools-for-stm32.11.3.rel1.macos64_1.1.100.202310310803/tools/bin/../lib/gcc/arm-none-eabi/11.3.1/../../../../arm-none-eabi/lib/thumb/v7e-m/nofp/libc_nano.a(libc_a-findfp.o)
 .debug_frame   0x0000000000000e08       0x34 /Applications/STM32CubeIDE.app/Contents/Eclipse/plugins/com.st.stm32cube.ide.mcu.externaltools.gnu-tools-for-stm32.11.3.rel1.macos64_1.1.100.202310310803/tools/bin/../lib/gcc/arm-none-eabi/11.3.1/../../../../arm-none-eabi/lib/thumb/v7e-m/nofp/libc_nano.a(libc_a-fwalk.o)
 .debug_frame   0x0000000000000e3c       0x3c /Applications/STM32CubeIDE.app/Contents/Eclipse/plugins/com.st.stm32cube.ide.mcu.externaltools.gnu-tools-for-stm32.11.3.rel1.macos64_1.1.100.202310310803/tools/bin/../lib/gcc/arm-none-eabi/11.3.1/../../../../arm-none-eabi/lib/thumb/v7e-m/nofp/libc_nano.a(libc_a-puts.o)
 .debug_frame   0x0000000000000e78       0x20 /Applications/STM32CubeIDE.app/Contents/Eclipse/plugins/com.st.stm32cube.ide.mcu.externaltools.gnu-tools-for-stm32.11.3.rel1.macos64_1.1.100.202310310803/tools/bin/../lib/gcc/arm-none-eabi/11.3.1/../../../../arm-none-eabi/lib/thumb/v7e-m/nofp/libc_nano.a(libc_a-memset.o)
 .debug_frame   0x0000000000000e98       0x20 /Applications/STM32CubeIDE.app/Contents/Eclipse/plugins/com.st.stm32cube.ide.mcu.externaltools.gnu-tools-for-stm32.11.3.rel1.macos64_1.1.100.202310310803/tools/bin/../lib/gcc/arm-none-eabi/11.3.1/../../../../arm-none-eabi/lib/thumb/v7e-m/nofp/libc_nano.a(libc_a-errno.o)
 .debug_frame   0x0000000000000eb8       0x2c /Applications/STM32CubeIDE.app/Contents/Eclipse/plugins/com.st.stm32cube.ide.mcu.externaltools.gnu-tools-for-stm32.11.3.rel1.macos64_1.1.100.202310310803/tools/bin/../lib/gcc/arm-none-eabi/11.3.1/../../../../arm-none-eabi/lib/thumb/v7e-m/nofp/libc_nano.a(libc_a-init.o)
 .debug_frame   0x0000000000000ee4       0xb0 /Applications/STM32CubeIDE.app/Contents/Eclipse/plugins/com.st.stm32cube.ide.mcu.externaltools.gnu-tools-for-stm32.11.3.rel1.macos64_1.1.100.202310310803/tools/bin/../lib/gcc/arm-none-eabi/11.3.1/../../../../arm-none-eabi/lib/thumb/v7e-m/nofp/libc_nano.a(libc_a-lock.o)
 .debug_frame   0x0000000000000f94       0x50 /Applications/STM32CubeIDE.app/Contents/Eclipse/plugins/com.st.stm32cube.ide.mcu.externaltools.gnu-tools-for-stm32.11.3.rel1.macos64_1.1.100.202310310803/tools/bin/../lib/gcc/arm-none-eabi/11.3.1/../../../../arm-none-eabi/lib/thumb/v7e-m/nofp/libc_nano.a(libc_a-mallocr.o)
 .debug_frame   0x0000000000000fe4       0x5c /Applications/STM32CubeIDE.app/Contents/Eclipse/plugins/com.st.stm32cube.ide.mcu.externaltools.gnu-tools-for-stm32.11.3.rel1.macos64_1.1.100.202310310803/tools/bin/../lib/gcc/arm-none-eabi/11.3.1/../../../../arm-none-eabi/lib/thumb/v7e-m/nofp/libc_nano.a(libc_a-fflush.o)
 .debug_frame   0x0000000000001040       0x30 /Applications/STM32CubeIDE.app/Contents/Eclipse/plugins/com.st.stm32cube.ide.mcu.externaltools.gnu-tools-for-stm32.11.3.rel1.macos64_1.1.100.202310310803/tools/bin/../lib/gcc/arm-none-eabi/11.3.1/../../../../arm-none-eabi/lib/thumb/v7e-m/nofp/libc_nano.a(libc_a-mlock.o)
 .debug_frame   0x0000000000001070       0x88 /Applications/STM32CubeIDE.app/Contents/Eclipse/plugins/com.st.stm32cube.ide.mcu.externaltools.gnu-tools-for-stm32.11.3.rel1.macos64_1.1.100.202310310803/tools/bin/../lib/gcc/arm-none-eabi/11.3.1/../../../../arm-none-eabi/lib/thumb/v7e-m/nofp/libc_nano.a(libc_a-stdio.o)
 .debug_frame   0x00000000000010f8       0x40 /Applications/STM32CubeIDE.app/Contents/Eclipse/plugins/com.st.stm32cube.ide.mcu.externaltools.gnu-tools-for-stm32.11.3.rel1.macos64_1.1.100.202310310803/tools/bin/../lib/gcc/arm-none-eabi/11.3.1/../../../../arm-none-eabi/lib/thumb/v7e-m/nofp/libc_nano.a(libc_a-wbuf.o)
 .debug_frame   0x0000000000001138       0x2c /Applications/STM32CubeIDE.app/Contents/Eclipse/plugins/com.st.stm32cube.ide.mcu.externaltools.gnu-tools-for-stm32.11.3.rel1.macos64_1.1.100.202310310803/tools/bin/../lib/gcc/arm-none-eabi/11.3.1/../../../../arm-none-eabi/lib/thumb/v7e-m/nofp/libc_nano.a(libc_a-wsetup.o)
 .debug_frame   0x0000000000001164       0x58 /Applications/STM32CubeIDE.app/Contents/Eclipse/plugins/com.st.stm32cube.ide.mcu.externaltools.gnu-tools-for-stm32.11.3.rel1.macos64_1.1.100.202310310803/tools/bin/../lib/gcc/arm-none-eabi/11.3.1/../../../../arm-none-eabi/lib/thumb/v7e-m/nofp/libc_nano.a(libc_a-makebuf.o)
 .debug_frame   0x00000000000011bc       0x2c /Applications/STM32CubeIDE.app/Contents/Eclipse/plugins/com.st.stm32cube.ide.mcu.externaltools.gnu-tools-for-stm32.11.3.rel1.macos64_1.1.100.202310310803/tools/bin/../lib/gcc/arm-none-eabi/11.3.1/../../../../arm-none-eabi/lib/thumb/v7e-m/nofp/libc_nano.a(libc_a-closer.o)
 .debug_frame   0x00000000000011e8       0x38 /Applications/STM32CubeIDE.app/Contents/Eclipse/plugins/com.st.stm32cube.ide.mcu.externaltools.gnu-tools-for-stm32.11.3.rel1.macos64_1.1.100.202310310803/tools/bin/../lib/gcc/arm-none-eabi/11.3.1/../../../../arm-none-eabi/lib/thumb/v7e-m/nofp/libc_nano.a(libc_a-reent.o)
 .debug_frame   0x0000000000001220       0x2c /Applications/STM32CubeIDE.app/Contents/Eclipse/plugins/com.st.stm32cube.ide.mcu.externaltools.gnu-tools-for-stm32.11.3.rel1.macos64_1.1.100.202310310803/tools/bin/../lib/gcc/arm-none-eabi/11.3.1/../../../../arm-none-eabi/lib/thumb/v7e-m/nofp/libc_nano.a(libc_a-fstatr.o)
 .debug_frame   0x000000000000124c       0x2c /Applications/STM32CubeIDE.app/Contents/Eclipse/plugins/com.st.stm32cube.ide.mcu.externaltools.gnu-tools-for-stm32.11.3.rel1.macos64_1.1.100.202310310803/tools/bin/../lib/gcc/arm-none-eabi/11.3.1/../../../../arm-none-eabi/lib/thumb/v7e-m/nofp/libc_nano.a(libc_a-isattyr.o)
 .debug_frame   0x0000000000001278       0x2c /Applications/STM32CubeIDE.app/Contents/Eclipse/plugins/com.st.stm32cube.ide.mcu.externaltools.gnu-tools-for-stm32.11.3.rel1.macos64_1.1.100.202310310803/tools/bin/../lib/gcc/arm-none-eabi/11.3.1/../../../../arm-none-eabi/lib/thumb/v7e-m/nofp/libc_nano.a(libc_a-lseekr.o)
 .debug_frame   0x00000000000012a4       0x2c /Applications/STM32CubeIDE.app/Contents/Eclipse/plugins/com.st.stm32cube.ide.mcu.externaltools.gnu-tools-for-stm32.11.3.rel1.macos64_1.1.100.202310310803/tools/bin/../lib/gcc/arm-none-eabi/11.3.1/../../../../arm-none-eabi/lib/thumb/v7e-m/nofp/libc_nano.a(libc_a-readr.o)
 .debug_frame   0x00000000000012d0       0x2c /Applications/STM32CubeIDE.app/Contents/Eclipse/plugins/com.st.stm32cube.ide.mcu.externaltools.gnu-tools-for-stm32.11.3.rel1.macos64_1.1.100.202310310803/tools/bin/../lib/gcc/arm-none-eabi/11.3.1/../../../../arm-none-eabi/lib/thumb/v7e-m/nofp/libc_nano.a(libc_a-sbrkr.o)
 .debug_frame   0x00000000000012fc       0x2c /Applications/STM32CubeIDE.app/Contents/Eclipse/plugins/com.st.stm32cube.ide.mcu.externaltools.gnu-tools-for-stm32.11.3.rel1.macos64_1.1.100.202310310803/tools/bin/../lib/gcc/arm-none-eabi/11.3.1/../../../../arm-none-eabi/lib/thumb/v7e-m/nofp/libc_nano.a(libc_a-writer.o)
 .debug_frame   0x0000000000001328       0x38 /Applications/STM32CubeIDE.app/Contents/Eclipse/plugins/com.st.stm32cube.ide.mcu.externaltools.gnu-tools-for-stm32.11.3.rel1.macos64_1.1.100.202310310803/tools/bin/../lib/gcc/arm-none-eabi/11.3.1/../../../../arm-none-eabi/lib/thumb/v7e-m/nofp/libc_nano.a(libc_a-freer.o)

.debug_line_str
                0x0000000000000000       0x7b
 .debug_line_str
                0x0000000000000000       0x7b ./Startup/startup_stm32f401retx.o
                                         0x93 (size before relaxing)
