../Drivers/Src/stm32f401RE_usart_driver.c:15:6:USART_PeriClockControl	16	static
../Drivers/Src/stm32f401RE_usart_driver.c:60:6:USART_Init	24	static
../Drivers/Src/stm32f401RE_usart_driver.c:158:6:USART_SetBaudRate	40	static
../Drivers/Src/stm32f401RE_usart_driver.c:244:6:USART_DeInit	16	static
../Drivers/Src/stm32f401RE_usart_driver.c:265:9:USART_GetFlagStatus	16	static
../Drivers/Src/stm32f401RE_usart_driver.c:278:6:USART_ClearFlag	16	static
../Drivers/Src/stm32f401RE_usart_driver.c:287:6:USART_SendData	24	static
../Drivers/Src/stm32f401RE_usart_driver.c:329:6:USART_ReceiveData	24	static
../Drivers/Src/stm32f401RE_usart_driver.c:381:9:USART_SendDataIT	32	static
../Drivers/Src/stm32f401RE_usart_driver.c:410:9:USART_ReceiveDataIT	32	static
../Drivers/Src/stm32f401RE_usart_driver.c:433:6:USART_PeripheralControl	16	static
../Drivers/Src/stm32f401RE_usart_driver.c:455:6:USART_IRQInterruptConfig	16	static
../Drivers/Src/stm32f401RE_usart_driver.c:497:6:USART_IRQPriorityConfig	24	static
../Drivers/Src/stm32f401RE_usart_driver.c:517:6:USART_IRQHandling	48	static
