../BSP/DS1307.c:23:13:ds1307_I2C_pin_config	32	static
../BSP/DS1307.c:61:13:ds1307_I2C_config	8	static
../BSP/DS1307.c:77:13:ds1307_write	32	static
../BSP/DS1307.c:89:16:ds1307_read	32	static
../BSP/DS1307.c:108:16:binary_to_bcd	24	static
../BSP/DS1307.c:126:16:bcd_to_binary	24	static
../BSP/DS1307.c:147:9:ds1307_init	16	static
../BSP/DS1307.c:172:6:ds1307_set_current_time	24	static
../BSP/DS1307.c:209:6:ds1307_get_current_time	24	static
../BSP/DS1307.c:252:6:ds1307_set_current_date	16	static
../BSP/DS1307.c:271:6:ds1307_get_current_date	16	static
